Archive member included to satisfy reference by file (symbol)

/home/student/eclipse-workspace/Stellaris_LaunchPad/SW-EK-LM4F120XL-9453/driverlib/gcc/libdriver.a(gpio.o)
                              ./src/Lcd.o (GPIOPinWrite)
/home/student/eclipse-workspace/Stellaris_LaunchPad/SW-EK-LM4F120XL-9453/driverlib/gcc/libdriver.a(interrupt.o)
                              /home/student/eclipse-workspace/Stellaris_LaunchPad/SW-EK-LM4F120XL-9453/driverlib/gcc/libdriver.a(gpio.o) (IntRegister)
/home/student/eclipse-workspace/Stellaris_LaunchPad/SW-EK-LM4F120XL-9453/driverlib/gcc/libdriver.a(sysctl.o)
                              ./SW-EK-LM4F120XL-9453/utils/uartstdio.o (SysCtlPeripheralPresent)
/home/student/eclipse-workspace/Stellaris_LaunchPad/SW-EK-LM4F120XL-9453/driverlib/gcc/libdriver.a(uart.o)
                              ./SW-EK-LM4F120XL-9453/utils/uartstdio.o (UARTEnable)
/home/student/eclipse-workspace/Stellaris_LaunchPad/SW-EK-LM4F120XL-9453/driverlib/gcc/libdriver.a(cpu.o)
                              /home/student/eclipse-workspace/Stellaris_LaunchPad/SW-EK-LM4F120XL-9453/driverlib/gcc/libdriver.a(interrupt.o) (CPUcpsid)
/usr/lib/gcc/arm-none-eabi/5.4.1/../../../arm-none-eabi/lib/armv7e-m/softfp/libg.a(lib_a-atexit.o)
                              /usr/lib/gcc/arm-none-eabi/5.4.1/../../../arm-none-eabi/lib/armv7e-m/softfp/crt0.o (atexit)
/usr/lib/gcc/arm-none-eabi/5.4.1/../../../arm-none-eabi/lib/armv7e-m/softfp/libg.a(lib_a-exit.o)
                              /usr/lib/gcc/arm-none-eabi/5.4.1/../../../arm-none-eabi/lib/armv7e-m/softfp/crt0.o (exit)
/usr/lib/gcc/arm-none-eabi/5.4.1/../../../arm-none-eabi/lib/armv7e-m/softfp/libg.a(lib_a-fini.o)
                              /usr/lib/gcc/arm-none-eabi/5.4.1/../../../arm-none-eabi/lib/armv7e-m/softfp/crt0.o (__libc_fini_array)
/usr/lib/gcc/arm-none-eabi/5.4.1/../../../arm-none-eabi/lib/armv7e-m/softfp/libg.a(lib_a-impure.o)
                              /usr/lib/gcc/arm-none-eabi/5.4.1/../../../arm-none-eabi/lib/armv7e-m/softfp/libg.a(lib_a-exit.o) (_global_impure_ptr)
/usr/lib/gcc/arm-none-eabi/5.4.1/../../../arm-none-eabi/lib/armv7e-m/softfp/libg.a(lib_a-init.o)
                              /usr/lib/gcc/arm-none-eabi/5.4.1/../../../arm-none-eabi/lib/armv7e-m/softfp/crt0.o (__libc_init_array)
/usr/lib/gcc/arm-none-eabi/5.4.1/../../../arm-none-eabi/lib/armv7e-m/softfp/libg.a(lib_a-itoa.o)
                              ./src/main.o (itoa)
/usr/lib/gcc/arm-none-eabi/5.4.1/../../../arm-none-eabi/lib/armv7e-m/softfp/libg.a(lib_a-memset.o)
                              /usr/lib/gcc/arm-none-eabi/5.4.1/../../../arm-none-eabi/lib/armv7e-m/softfp/crt0.o (memset)
/usr/lib/gcc/arm-none-eabi/5.4.1/../../../arm-none-eabi/lib/armv7e-m/softfp/libg.a(lib_a-utoa.o)
                              /usr/lib/gcc/arm-none-eabi/5.4.1/../../../arm-none-eabi/lib/armv7e-m/softfp/libg.a(lib_a-itoa.o) (__utoa)
/usr/lib/gcc/arm-none-eabi/5.4.1/../../../arm-none-eabi/lib/armv7e-m/softfp/libg.a(lib_a-__atexit.o)
                              /usr/lib/gcc/arm-none-eabi/5.4.1/../../../arm-none-eabi/lib/armv7e-m/softfp/libg.a(lib_a-atexit.o) (__register_exitproc)
/usr/lib/gcc/arm-none-eabi/5.4.1/../../../arm-none-eabi/lib/armv7e-m/softfp/libg.a(lib_a-__call_atexit.o)
                              /usr/lib/gcc/arm-none-eabi/5.4.1/../../../arm-none-eabi/lib/armv7e-m/softfp/libg.a(lib_a-exit.o) (__call_exitprocs)

Allocating common symbols
Common symbol       size              file

delay1              0x4               ./src/Lcd.o

Discarded input sections

 .text          0x0000000000000000        0x0 /usr/lib/gcc/arm-none-eabi/5.4.1/armv7e-m/softfp/crti.o
 .data          0x0000000000000000        0x0 /usr/lib/gcc/arm-none-eabi/5.4.1/armv7e-m/softfp/crti.o
 .bss           0x0000000000000000        0x0 /usr/lib/gcc/arm-none-eabi/5.4.1/armv7e-m/softfp/crti.o
 .text          0x0000000000000000       0xa4 /usr/lib/gcc/arm-none-eabi/5.4.1/armv7e-m/softfp/crtbegin.o
 .data          0x0000000000000000        0x4 /usr/lib/gcc/arm-none-eabi/5.4.1/armv7e-m/softfp/crtbegin.o
 .bss           0x0000000000000000       0x1c /usr/lib/gcc/arm-none-eabi/5.4.1/armv7e-m/softfp/crtbegin.o
 .init_array    0x0000000000000000        0x4 /usr/lib/gcc/arm-none-eabi/5.4.1/armv7e-m/softfp/crtbegin.o
 .fini_array    0x0000000000000000        0x4 /usr/lib/gcc/arm-none-eabi/5.4.1/armv7e-m/softfp/crtbegin.o
 .eh_frame      0x0000000000000000        0x0 /usr/lib/gcc/arm-none-eabi/5.4.1/armv7e-m/softfp/crtbegin.o
 .jcr           0x0000000000000000        0x0 /usr/lib/gcc/arm-none-eabi/5.4.1/armv7e-m/softfp/crtbegin.o
 .tm_clone_table
                0x0000000000000000        0x0 /usr/lib/gcc/arm-none-eabi/5.4.1/armv7e-m/softfp/crtbegin.o
 .comment       0x0000000000000000       0x2c /usr/lib/gcc/arm-none-eabi/5.4.1/armv7e-m/softfp/crtbegin.o
 .ARM.attributes
                0x0000000000000000       0x32 /usr/lib/gcc/arm-none-eabi/5.4.1/armv7e-m/softfp/crtbegin.o
 .text          0x0000000000000000       0x68 /usr/lib/gcc/arm-none-eabi/5.4.1/../../../arm-none-eabi/lib/armv7e-m/softfp/crt0.o
 .data          0x0000000000000000        0x0 /usr/lib/gcc/arm-none-eabi/5.4.1/../../../arm-none-eabi/lib/armv7e-m/softfp/crt0.o
 .bss           0x0000000000000000        0x0 /usr/lib/gcc/arm-none-eabi/5.4.1/../../../arm-none-eabi/lib/armv7e-m/softfp/crt0.o
 .ARM.extab     0x0000000000000000        0x0 /usr/lib/gcc/arm-none-eabi/5.4.1/../../../arm-none-eabi/lib/armv7e-m/softfp/crt0.o
 .ARM.exidx     0x0000000000000000        0x8 /usr/lib/gcc/arm-none-eabi/5.4.1/../../../arm-none-eabi/lib/armv7e-m/softfp/crt0.o
 .debug_line    0x0000000000000000       0x7e /usr/lib/gcc/arm-none-eabi/5.4.1/../../../arm-none-eabi/lib/armv7e-m/softfp/crt0.o
 .debug_info    0x0000000000000000       0xa8 /usr/lib/gcc/arm-none-eabi/5.4.1/../../../arm-none-eabi/lib/armv7e-m/softfp/crt0.o
 .debug_abbrev  0x0000000000000000       0x14 /usr/lib/gcc/arm-none-eabi/5.4.1/../../../arm-none-eabi/lib/armv7e-m/softfp/crt0.o
 .debug_aranges
                0x0000000000000000       0x20 /usr/lib/gcc/arm-none-eabi/5.4.1/../../../arm-none-eabi/lib/armv7e-m/softfp/crt0.o
 .ARM.attributes
                0x0000000000000000       0x20 /usr/lib/gcc/arm-none-eabi/5.4.1/../../../arm-none-eabi/lib/armv7e-m/softfp/crt0.o
 .group         0x0000000000000000        0x8 ./src/Button.o
 .group         0x0000000000000000        0x8 ./src/Button.o
 .group         0x0000000000000000        0x8 ./src/Button.o
 .group         0x0000000000000000        0x8 ./src/Button.o
 .group         0x0000000000000000        0x8 ./src/Button.o
 .group         0x0000000000000000        0x8 ./src/Button.o
 .group         0x0000000000000000        0x8 ./src/Button.o
 .group         0x0000000000000000        0x8 ./src/Button.o
 .group         0x0000000000000000        0x8 ./src/Button.o
 .text          0x0000000000000000        0x0 ./src/Button.o
 .data          0x0000000000000000        0x0 ./src/Button.o
 .bss           0x0000000000000000        0x0 ./src/Button.o
 .text.Button7Pressed
                0x0000000000000000       0x1c ./src/Button.o
 .text.Button8Pressed
                0x0000000000000000       0x1c ./src/Button.o
 .text.Button9Pressed
                0x0000000000000000       0x1c ./src/Button.o
 .group         0x0000000000000000        0x8 ./src/Lcd.o
 .group         0x0000000000000000        0x8 ./src/Lcd.o
 .group         0x0000000000000000        0x8 ./src/Lcd.o
 .group         0x0000000000000000        0x8 ./src/Lcd.o
 .group         0x0000000000000000        0x8 ./src/Lcd.o
 .group         0x0000000000000000        0x8 ./src/Lcd.o
 .group         0x0000000000000000        0x8 ./src/Lcd.o
 .group         0x0000000000000000        0x8 ./src/Lcd.o
 .text          0x0000000000000000        0x0 ./src/Lcd.o
 .data          0x0000000000000000        0x0 ./src/Lcd.o
 .bss           0x0000000000000000        0x0 ./src/Lcd.o
 .debug_macro   0x0000000000000000      0x880 ./src/Lcd.o
 .debug_macro   0x0000000000000000      0x371 ./src/Lcd.o
 .debug_macro   0x0000000000000000       0xca ./src/Lcd.o
 .debug_macro   0x0000000000000000      0x278 ./src/Lcd.o
 .debug_macro   0x0000000000000000      0xb82 ./src/Lcd.o
 .debug_macro   0x0000000000000000       0xb2 ./src/Lcd.o
 .debug_macro   0x0000000000000000      0x38a ./src/Lcd.o
 .group         0x0000000000000000        0x8 ./src/main.o
 .group         0x0000000000000000        0x8 ./src/main.o
 .group         0x0000000000000000        0x8 ./src/main.o
 .group         0x0000000000000000        0x8 ./src/main.o
 .group         0x0000000000000000        0x8 ./src/main.o
 .group         0x0000000000000000        0x8 ./src/main.o
 .group         0x0000000000000000        0x8 ./src/main.o
 .group         0x0000000000000000        0x8 ./src/main.o
 .group         0x0000000000000000        0x8 ./src/main.o
 .group         0x0000000000000000        0x8 ./src/main.o
 .group         0x0000000000000000        0x8 ./src/main.o
 .group         0x0000000000000000        0x8 ./src/main.o
 .group         0x0000000000000000        0x8 ./src/main.o
 .group         0x0000000000000000        0x8 ./src/main.o
 .group         0x0000000000000000        0x8 ./src/main.o
 .group         0x0000000000000000        0x8 ./src/main.o
 .group         0x0000000000000000        0x8 ./src/main.o
 .group         0x0000000000000000        0x8 ./src/main.o
 .group         0x0000000000000000        0x8 ./src/main.o
 .group         0x0000000000000000        0x8 ./src/main.o
 .group         0x0000000000000000        0x8 ./src/main.o
 .group         0x0000000000000000        0x8 ./src/main.o
 .group         0x0000000000000000        0x8 ./src/main.o
 .group         0x0000000000000000        0x8 ./src/main.o
 .group         0x0000000000000000        0x8 ./src/main.o
 .group         0x0000000000000000        0x8 ./src/main.o
 .group         0x0000000000000000        0x8 ./src/main.o
 .group         0x0000000000000000        0x8 ./src/main.o
 .group         0x0000000000000000        0x8 ./src/main.o
 .group         0x0000000000000000        0x8 ./src/main.o
 .group         0x0000000000000000        0x8 ./src/main.o
 .group         0x0000000000000000        0x8 ./src/main.o
 .group         0x0000000000000000        0x8 ./src/main.o
 .group         0x0000000000000000        0x8 ./src/main.o
 .group         0x0000000000000000        0x8 ./src/main.o
 .group         0x0000000000000000        0x8 ./src/main.o
 .group         0x0000000000000000        0x8 ./src/main.o
 .group         0x0000000000000000        0x8 ./src/main.o
 .group         0x0000000000000000        0x8 ./src/main.o
 .group         0x0000000000000000        0x8 ./src/main.o
 .group         0x0000000000000000        0x8 ./src/main.o
 .text          0x0000000000000000        0x0 ./src/main.o
 .data          0x0000000000000000        0x0 ./src/main.o
 .bss           0x0000000000000000        0x0 ./src/main.o
 .debug_macro   0x0000000000000000      0x880 ./src/main.o
 .debug_macro   0x0000000000000000      0x371 ./src/main.o
 .debug_macro   0x0000000000000000       0xca ./src/main.o
 .debug_macro   0x0000000000000000      0x278 ./src/main.o
 .debug_macro   0x0000000000000000      0xb82 ./src/main.o
 .debug_macro   0x0000000000000000       0xb2 ./src/main.o
 .debug_macro   0x0000000000000000      0x38a ./src/main.o
 .debug_macro   0x0000000000000000       0x40 ./src/main.o
 .debug_macro   0x0000000000000000     0x8fd8 ./src/main.o
 .debug_macro   0x0000000000000000       0x3a ./src/main.o
 .group         0x0000000000000000        0x8 ./src/startup_gcc.o
 .group         0x0000000000000000        0x8 ./src/startup_gcc.o
 .group         0x0000000000000000        0x8 ./src/startup_gcc.o
 .text          0x0000000000000000        0x0 ./src/startup_gcc.o
 .data          0x0000000000000000        0x0 ./src/startup_gcc.o
 .bss           0x0000000000000000        0x0 ./src/startup_gcc.o
 .debug_macro   0x0000000000000000      0x880 ./src/startup_gcc.o
 .debug_macro   0x0000000000000000       0xca ./src/startup_gcc.o
 .group         0x0000000000000000        0x8 ./SW-EK-LM4F120XL-9453/utils/uartstdio.o
 .group         0x0000000000000000        0x8 ./SW-EK-LM4F120XL-9453/utils/uartstdio.o
 .group         0x0000000000000000        0x8 ./SW-EK-LM4F120XL-9453/utils/uartstdio.o
 .group         0x0000000000000000        0x8 ./SW-EK-LM4F120XL-9453/utils/uartstdio.o
 .group         0x0000000000000000        0x8 ./SW-EK-LM4F120XL-9453/utils/uartstdio.o
 .group         0x0000000000000000        0x8 ./SW-EK-LM4F120XL-9453/utils/uartstdio.o
 .group         0x0000000000000000        0x8 ./SW-EK-LM4F120XL-9453/utils/uartstdio.o
 .group         0x0000000000000000        0x8 ./SW-EK-LM4F120XL-9453/utils/uartstdio.o
 .group         0x0000000000000000        0x8 ./SW-EK-LM4F120XL-9453/utils/uartstdio.o
 .group         0x0000000000000000        0x8 ./SW-EK-LM4F120XL-9453/utils/uartstdio.o
 .group         0x0000000000000000        0x8 ./SW-EK-LM4F120XL-9453/utils/uartstdio.o
 .group         0x0000000000000000        0x8 ./SW-EK-LM4F120XL-9453/utils/uartstdio.o
 .text          0x0000000000000000        0x0 ./SW-EK-LM4F120XL-9453/utils/uartstdio.o
 .data          0x0000000000000000        0x0 ./SW-EK-LM4F120XL-9453/utils/uartstdio.o
 .bss           0x0000000000000000        0x0 ./SW-EK-LM4F120XL-9453/utils/uartstdio.o
 .bss.g_ulBase  0x0000000000000000        0x4 ./SW-EK-LM4F120XL-9453/utils/uartstdio.o
 .rodata        0x0000000000000000       0x26 ./SW-EK-LM4F120XL-9453/utils/uartstdio.o
 .rodata.g_pcHex
                0x0000000000000000        0x4 ./SW-EK-LM4F120XL-9453/utils/uartstdio.o
 .rodata.g_ulUARTBase
                0x0000000000000000        0xc ./SW-EK-LM4F120XL-9453/utils/uartstdio.o
 .rodata.g_ulUARTPeriph
                0x0000000000000000        0xc ./SW-EK-LM4F120XL-9453/utils/uartstdio.o
 .text.UARTStdioConfig
                0x0000000000000000       0x68 ./SW-EK-LM4F120XL-9453/utils/uartstdio.o
 .text.UARTStdioInit
                0x0000000000000000       0x24 ./SW-EK-LM4F120XL-9453/utils/uartstdio.o
 .text.UARTStdioInitExpClk
                0x0000000000000000       0x24 ./SW-EK-LM4F120XL-9453/utils/uartstdio.o
 .text.UARTwrite
                0x0000000000000000       0x5c ./SW-EK-LM4F120XL-9453/utils/uartstdio.o
 .text.UARTgets
                0x0000000000000000       0xdc ./SW-EK-LM4F120XL-9453/utils/uartstdio.o
 .text.UARTgetc
                0x0000000000000000       0x1c ./SW-EK-LM4F120XL-9453/utils/uartstdio.o
 .text.UARTprintf
                0x0000000000000000      0x408 ./SW-EK-LM4F120XL-9453/utils/uartstdio.o
 .bss.bLastWasCR.4477
                0x0000000000000000        0x1 ./SW-EK-LM4F120XL-9453/utils/uartstdio.o
 .debug_info    0x0000000000000000      0x349 ./SW-EK-LM4F120XL-9453/utils/uartstdio.o
 .debug_abbrev  0x0000000000000000      0x10e ./SW-EK-LM4F120XL-9453/utils/uartstdio.o
 .debug_aranges
                0x0000000000000000       0x50 ./SW-EK-LM4F120XL-9453/utils/uartstdio.o
 .debug_ranges  0x0000000000000000       0x40 ./SW-EK-LM4F120XL-9453/utils/uartstdio.o
 .debug_macro   0x0000000000000000       0x7e ./SW-EK-LM4F120XL-9453/utils/uartstdio.o
 .debug_macro   0x0000000000000000      0x880 ./SW-EK-LM4F120XL-9453/utils/uartstdio.o
 .debug_macro   0x0000000000000000       0x58 ./SW-EK-LM4F120XL-9453/utils/uartstdio.o
 .debug_macro   0x0000000000000000      0x371 ./SW-EK-LM4F120XL-9453/utils/uartstdio.o
 .debug_macro   0x0000000000000000      0x278 ./SW-EK-LM4F120XL-9453/utils/uartstdio.o
 .debug_macro   0x0000000000000000       0xca ./SW-EK-LM4F120XL-9453/utils/uartstdio.o
 .debug_macro   0x0000000000000000      0x612 ./SW-EK-LM4F120XL-9453/utils/uartstdio.o
 .debug_macro   0x0000000000000000       0x10 ./SW-EK-LM4F120XL-9453/utils/uartstdio.o
 .debug_macro   0x0000000000000000       0x10 ./SW-EK-LM4F120XL-9453/utils/uartstdio.o
 .debug_macro   0x0000000000000000       0xca ./SW-EK-LM4F120XL-9453/utils/uartstdio.o
 .debug_macro   0x0000000000000000     0x12f2 ./SW-EK-LM4F120XL-9453/utils/uartstdio.o
 .debug_macro   0x0000000000000000      0xb82 ./SW-EK-LM4F120XL-9453/utils/uartstdio.o
 .debug_macro   0x0000000000000000      0x188 ./SW-EK-LM4F120XL-9453/utils/uartstdio.o
 .debug_line    0x0000000000000000      0x3a6 ./SW-EK-LM4F120XL-9453/utils/uartstdio.o
 .debug_str     0x0000000000000000    0x105a4 ./SW-EK-LM4F120XL-9453/utils/uartstdio.o
 .comment       0x0000000000000000       0x2c ./SW-EK-LM4F120XL-9453/utils/uartstdio.o
 .debug_frame   0x0000000000000000      0x120 ./SW-EK-LM4F120XL-9453/utils/uartstdio.o
 .ARM.attributes
                0x0000000000000000       0x37 ./SW-EK-LM4F120XL-9453/utils/uartstdio.o
 .text          0x0000000000000000        0x0 /home/student/eclipse-workspace/Stellaris_LaunchPad/SW-EK-LM4F120XL-9453/driverlib/gcc/libdriver.a(gpio.o)
 .data          0x0000000000000000        0x0 /home/student/eclipse-workspace/Stellaris_LaunchPad/SW-EK-LM4F120XL-9453/driverlib/gcc/libdriver.a(gpio.o)
 .bss           0x0000000000000000        0x0 /home/student/eclipse-workspace/Stellaris_LaunchPad/SW-EK-LM4F120XL-9453/driverlib/gcc/libdriver.a(gpio.o)
 .text.GPIOGetIntNumber
                0x0000000000000000      0x140 /home/student/eclipse-workspace/Stellaris_LaunchPad/SW-EK-LM4F120XL-9453/driverlib/gcc/libdriver.a(gpio.o)
 .text.GPIODirModeGet
                0x0000000000000000       0x24 /home/student/eclipse-workspace/Stellaris_LaunchPad/SW-EK-LM4F120XL-9453/driverlib/gcc/libdriver.a(gpio.o)
 .text.GPIOIntTypeSet
                0x0000000000000000       0x4a /home/student/eclipse-workspace/Stellaris_LaunchPad/SW-EK-LM4F120XL-9453/driverlib/gcc/libdriver.a(gpio.o)
 .text.GPIOIntTypeGet
                0x0000000000000000       0x32 /home/student/eclipse-workspace/Stellaris_LaunchPad/SW-EK-LM4F120XL-9453/driverlib/gcc/libdriver.a(gpio.o)
 .text.GPIOPadConfigGet
                0x0000000000000000       0x76 /home/student/eclipse-workspace/Stellaris_LaunchPad/SW-EK-LM4F120XL-9453/driverlib/gcc/libdriver.a(gpio.o)
 .text.GPIOPinIntEnable
                0x0000000000000000        0xc /home/student/eclipse-workspace/Stellaris_LaunchPad/SW-EK-LM4F120XL-9453/driverlib/gcc/libdriver.a(gpio.o)
 .text.GPIOPinIntDisable
                0x0000000000000000        0xe /home/student/eclipse-workspace/Stellaris_LaunchPad/SW-EK-LM4F120XL-9453/driverlib/gcc/libdriver.a(gpio.o)
 .text.GPIOPinIntStatus
                0x0000000000000000        0xe /home/student/eclipse-workspace/Stellaris_LaunchPad/SW-EK-LM4F120XL-9453/driverlib/gcc/libdriver.a(gpio.o)
 .text.GPIOPinIntClear
                0x0000000000000000        0x6 /home/student/eclipse-workspace/Stellaris_LaunchPad/SW-EK-LM4F120XL-9453/driverlib/gcc/libdriver.a(gpio.o)
 .text.GPIOPortIntRegister
                0x0000000000000000       0x1a /home/student/eclipse-workspace/Stellaris_LaunchPad/SW-EK-LM4F120XL-9453/driverlib/gcc/libdriver.a(gpio.o)
 .text.GPIOPortIntUnregister
                0x0000000000000000       0x16 /home/student/eclipse-workspace/Stellaris_LaunchPad/SW-EK-LM4F120XL-9453/driverlib/gcc/libdriver.a(gpio.o)
 .text.GPIOPinRead
                0x0000000000000000        0x6 /home/student/eclipse-workspace/Stellaris_LaunchPad/SW-EK-LM4F120XL-9453/driverlib/gcc/libdriver.a(gpio.o)
 .text.GPIOPinTypeADC
                0x0000000000000000       0x1c /home/student/eclipse-workspace/Stellaris_LaunchPad/SW-EK-LM4F120XL-9453/driverlib/gcc/libdriver.a(gpio.o)
 .text.GPIOPinTypeCAN
                0x0000000000000000       0x1c /home/student/eclipse-workspace/Stellaris_LaunchPad/SW-EK-LM4F120XL-9453/driverlib/gcc/libdriver.a(gpio.o)
 .text.GPIOPinTypeComparator
                0x0000000000000000       0x1c /home/student/eclipse-workspace/Stellaris_LaunchPad/SW-EK-LM4F120XL-9453/driverlib/gcc/libdriver.a(gpio.o)
 .text.GPIOPinTypeEPI
                0x0000000000000000       0x1c /home/student/eclipse-workspace/Stellaris_LaunchPad/SW-EK-LM4F120XL-9453/driverlib/gcc/libdriver.a(gpio.o)
 .text.GPIOPinTypeEthernetLED
                0x0000000000000000       0x1c /home/student/eclipse-workspace/Stellaris_LaunchPad/SW-EK-LM4F120XL-9453/driverlib/gcc/libdriver.a(gpio.o)
 .text.GPIOPinTypeEthernetMII
                0x0000000000000000       0x1c /home/student/eclipse-workspace/Stellaris_LaunchPad/SW-EK-LM4F120XL-9453/driverlib/gcc/libdriver.a(gpio.o)
 .text.GPIOPinTypeFan
                0x0000000000000000       0x1c /home/student/eclipse-workspace/Stellaris_LaunchPad/SW-EK-LM4F120XL-9453/driverlib/gcc/libdriver.a(gpio.o)
 .text.GPIOPinTypeGPIOInput
                0x0000000000000000       0x1c /home/student/eclipse-workspace/Stellaris_LaunchPad/SW-EK-LM4F120XL-9453/driverlib/gcc/libdriver.a(gpio.o)
 .text.GPIOPinTypeGPIOOutputOD
                0x0000000000000000       0x1c /home/student/eclipse-workspace/Stellaris_LaunchPad/SW-EK-LM4F120XL-9453/driverlib/gcc/libdriver.a(gpio.o)
 .text.GPIOPinTypeI2C
                0x0000000000000000       0x1c /home/student/eclipse-workspace/Stellaris_LaunchPad/SW-EK-LM4F120XL-9453/driverlib/gcc/libdriver.a(gpio.o)
 .text.GPIOPinTypeI2CSCL
                0x0000000000000000       0x90 /home/student/eclipse-workspace/Stellaris_LaunchPad/SW-EK-LM4F120XL-9453/driverlib/gcc/libdriver.a(gpio.o)
 .text.GPIOPinTypeI2S
                0x0000000000000000       0x1c /home/student/eclipse-workspace/Stellaris_LaunchPad/SW-EK-LM4F120XL-9453/driverlib/gcc/libdriver.a(gpio.o)
 .text.GPIOPinTypeLPC
                0x0000000000000000       0x1c /home/student/eclipse-workspace/Stellaris_LaunchPad/SW-EK-LM4F120XL-9453/driverlib/gcc/libdriver.a(gpio.o)
 .text.GPIOPinTypePECIRx
                0x0000000000000000       0x1c /home/student/eclipse-workspace/Stellaris_LaunchPad/SW-EK-LM4F120XL-9453/driverlib/gcc/libdriver.a(gpio.o)
 .text.GPIOPinTypePECITx
                0x0000000000000000       0x1c /home/student/eclipse-workspace/Stellaris_LaunchPad/SW-EK-LM4F120XL-9453/driverlib/gcc/libdriver.a(gpio.o)
 .text.GPIOPinTypePWM
                0x0000000000000000       0x1c /home/student/eclipse-workspace/Stellaris_LaunchPad/SW-EK-LM4F120XL-9453/driverlib/gcc/libdriver.a(gpio.o)
 .text.GPIOPinTypeQEI
                0x0000000000000000       0x1c /home/student/eclipse-workspace/Stellaris_LaunchPad/SW-EK-LM4F120XL-9453/driverlib/gcc/libdriver.a(gpio.o)
 .text.GPIOPinTypeSSI
                0x0000000000000000       0x1c /home/student/eclipse-workspace/Stellaris_LaunchPad/SW-EK-LM4F120XL-9453/driverlib/gcc/libdriver.a(gpio.o)
 .text.GPIOPinTypeTimer
                0x0000000000000000       0x1c /home/student/eclipse-workspace/Stellaris_LaunchPad/SW-EK-LM4F120XL-9453/driverlib/gcc/libdriver.a(gpio.o)
 .text.GPIOPinTypeUART
                0x0000000000000000       0x1c /home/student/eclipse-workspace/Stellaris_LaunchPad/SW-EK-LM4F120XL-9453/driverlib/gcc/libdriver.a(gpio.o)
 .text.GPIOPinTypeUSBAnalog
                0x0000000000000000       0x1c /home/student/eclipse-workspace/Stellaris_LaunchPad/SW-EK-LM4F120XL-9453/driverlib/gcc/libdriver.a(gpio.o)
 .text.GPIOPinTypeUSBDigital
                0x0000000000000000       0x1c /home/student/eclipse-workspace/Stellaris_LaunchPad/SW-EK-LM4F120XL-9453/driverlib/gcc/libdriver.a(gpio.o)
 .text.GPIOPinConfigure
                0x0000000000000000       0x4c /home/student/eclipse-workspace/Stellaris_LaunchPad/SW-EK-LM4F120XL-9453/driverlib/gcc/libdriver.a(gpio.o)
 .text.GPIODMATriggerEnable
                0x0000000000000000        0xc /home/student/eclipse-workspace/Stellaris_LaunchPad/SW-EK-LM4F120XL-9453/driverlib/gcc/libdriver.a(gpio.o)
 .text.GPIODMATriggerDisable
                0x0000000000000000        0xe /home/student/eclipse-workspace/Stellaris_LaunchPad/SW-EK-LM4F120XL-9453/driverlib/gcc/libdriver.a(gpio.o)
 .text.GPIOADCTriggerEnable
                0x0000000000000000        0xc /home/student/eclipse-workspace/Stellaris_LaunchPad/SW-EK-LM4F120XL-9453/driverlib/gcc/libdriver.a(gpio.o)
 .text.GPIOADCTriggerDisable
                0x0000000000000000        0xe /home/student/eclipse-workspace/Stellaris_LaunchPad/SW-EK-LM4F120XL-9453/driverlib/gcc/libdriver.a(gpio.o)
 .rodata.g_pulGPIOBaseAddrs
                0x0000000000000000       0x78 /home/student/eclipse-workspace/Stellaris_LaunchPad/SW-EK-LM4F120XL-9453/driverlib/gcc/libdriver.a(gpio.o)
 .text          0x0000000000000000        0x0 /home/student/eclipse-workspace/Stellaris_LaunchPad/SW-EK-LM4F120XL-9453/driverlib/gcc/libdriver.a(interrupt.o)
 .data          0x0000000000000000        0x0 /home/student/eclipse-workspace/Stellaris_LaunchPad/SW-EK-LM4F120XL-9453/driverlib/gcc/libdriver.a(interrupt.o)
 .bss           0x0000000000000000        0x0 /home/student/eclipse-workspace/Stellaris_LaunchPad/SW-EK-LM4F120XL-9453/driverlib/gcc/libdriver.a(interrupt.o)
 .text.IntDefaultHandler
                0x0000000000000000        0x2 /home/student/eclipse-workspace/Stellaris_LaunchPad/SW-EK-LM4F120XL-9453/driverlib/gcc/libdriver.a(interrupt.o)
 .text.IntMasterEnable
                0x0000000000000000        0xa /home/student/eclipse-workspace/Stellaris_LaunchPad/SW-EK-LM4F120XL-9453/driverlib/gcc/libdriver.a(interrupt.o)
 .text.IntMasterDisable
                0x0000000000000000        0xa /home/student/eclipse-workspace/Stellaris_LaunchPad/SW-EK-LM4F120XL-9453/driverlib/gcc/libdriver.a(interrupt.o)
 .text.IntRegister
                0x0000000000000000       0x30 /home/student/eclipse-workspace/Stellaris_LaunchPad/SW-EK-LM4F120XL-9453/driverlib/gcc/libdriver.a(interrupt.o)
 .text.IntUnregister
                0x0000000000000000       0x14 /home/student/eclipse-workspace/Stellaris_LaunchPad/SW-EK-LM4F120XL-9453/driverlib/gcc/libdriver.a(interrupt.o)
 .text.IntPriorityGroupingSet
                0x0000000000000000       0x1c /home/student/eclipse-workspace/Stellaris_LaunchPad/SW-EK-LM4F120XL-9453/driverlib/gcc/libdriver.a(interrupt.o)
 .text.IntPriorityGroupingGet
                0x0000000000000000       0x24 /home/student/eclipse-workspace/Stellaris_LaunchPad/SW-EK-LM4F120XL-9453/driverlib/gcc/libdriver.a(interrupt.o)
 .text.IntPrioritySet
                0x0000000000000000       0x28 /home/student/eclipse-workspace/Stellaris_LaunchPad/SW-EK-LM4F120XL-9453/driverlib/gcc/libdriver.a(interrupt.o)
 .text.IntPriorityGet
                0x0000000000000000       0x1c /home/student/eclipse-workspace/Stellaris_LaunchPad/SW-EK-LM4F120XL-9453/driverlib/gcc/libdriver.a(interrupt.o)
 .text.IntEnable
                0x0000000000000000       0x60 /home/student/eclipse-workspace/Stellaris_LaunchPad/SW-EK-LM4F120XL-9453/driverlib/gcc/libdriver.a(interrupt.o)
 .text.IntDisable
                0x0000000000000000       0x60 /home/student/eclipse-workspace/Stellaris_LaunchPad/SW-EK-LM4F120XL-9453/driverlib/gcc/libdriver.a(interrupt.o)
 .text.IntIsEnabled
                0x0000000000000000       0x64 /home/student/eclipse-workspace/Stellaris_LaunchPad/SW-EK-LM4F120XL-9453/driverlib/gcc/libdriver.a(interrupt.o)
 .text.IntPendSet
                0x0000000000000000       0x50 /home/student/eclipse-workspace/Stellaris_LaunchPad/SW-EK-LM4F120XL-9453/driverlib/gcc/libdriver.a(interrupt.o)
 .text.IntPendClear
                0x0000000000000000       0x40 /home/student/eclipse-workspace/Stellaris_LaunchPad/SW-EK-LM4F120XL-9453/driverlib/gcc/libdriver.a(interrupt.o)
 .text.IntPriorityMaskSet
                0x0000000000000000        0x4 /home/student/eclipse-workspace/Stellaris_LaunchPad/SW-EK-LM4F120XL-9453/driverlib/gcc/libdriver.a(interrupt.o)
 .text.IntPriorityMaskGet
                0x0000000000000000        0x4 /home/student/eclipse-workspace/Stellaris_LaunchPad/SW-EK-LM4F120XL-9453/driverlib/gcc/libdriver.a(interrupt.o)
 .rodata.g_pulEnRegs
                0x0000000000000000       0x14 /home/student/eclipse-workspace/Stellaris_LaunchPad/SW-EK-LM4F120XL-9453/driverlib/gcc/libdriver.a(interrupt.o)
 .rodata.g_pulDisRegs
                0x0000000000000000       0x14 /home/student/eclipse-workspace/Stellaris_LaunchPad/SW-EK-LM4F120XL-9453/driverlib/gcc/libdriver.a(interrupt.o)
 .rodata.g_pulPendRegs
                0x0000000000000000       0x14 /home/student/eclipse-workspace/Stellaris_LaunchPad/SW-EK-LM4F120XL-9453/driverlib/gcc/libdriver.a(interrupt.o)
 .rodata.g_pulUnpendRegs
                0x0000000000000000       0x14 /home/student/eclipse-workspace/Stellaris_LaunchPad/SW-EK-LM4F120XL-9453/driverlib/gcc/libdriver.a(interrupt.o)
 vtable         0x0000000000000000      0x400 /home/student/eclipse-workspace/Stellaris_LaunchPad/SW-EK-LM4F120XL-9453/driverlib/gcc/libdriver.a(interrupt.o)
 .rodata.g_pulPriority
                0x0000000000000000       0x20 /home/student/eclipse-workspace/Stellaris_LaunchPad/SW-EK-LM4F120XL-9453/driverlib/gcc/libdriver.a(interrupt.o)
 .rodata.g_pulRegs
                0x0000000000000000       0x9c /home/student/eclipse-workspace/Stellaris_LaunchPad/SW-EK-LM4F120XL-9453/driverlib/gcc/libdriver.a(interrupt.o)
 .comment       0x0000000000000000       0x2c /home/student/eclipse-workspace/Stellaris_LaunchPad/SW-EK-LM4F120XL-9453/driverlib/gcc/libdriver.a(interrupt.o)
 .ARM.attributes
                0x0000000000000000       0x37 /home/student/eclipse-workspace/Stellaris_LaunchPad/SW-EK-LM4F120XL-9453/driverlib/gcc/libdriver.a(interrupt.o)
 .text          0x0000000000000000        0x0 /home/student/eclipse-workspace/Stellaris_LaunchPad/SW-EK-LM4F120XL-9453/driverlib/gcc/libdriver.a(sysctl.o)
 .data          0x0000000000000000        0x0 /home/student/eclipse-workspace/Stellaris_LaunchPad/SW-EK-LM4F120XL-9453/driverlib/gcc/libdriver.a(sysctl.o)
 .bss           0x0000000000000000        0x0 /home/student/eclipse-workspace/Stellaris_LaunchPad/SW-EK-LM4F120XL-9453/driverlib/gcc/libdriver.a(sysctl.o)
 .text.SysCtlPeripheralMapToNew
                0x0000000000000000       0x24 /home/student/eclipse-workspace/Stellaris_LaunchPad/SW-EK-LM4F120XL-9453/driverlib/gcc/libdriver.a(sysctl.o)
 .text.SysCtlSRAMSizeGet
                0x0000000000000000       0x14 /home/student/eclipse-workspace/Stellaris_LaunchPad/SW-EK-LM4F120XL-9453/driverlib/gcc/libdriver.a(sysctl.o)
 .text.SysCtlFlashSizeGet
                0x0000000000000000       0x14 /home/student/eclipse-workspace/Stellaris_LaunchPad/SW-EK-LM4F120XL-9453/driverlib/gcc/libdriver.a(sysctl.o)
 .text.SysCtlPinPresent
                0x0000000000000000       0x14 /home/student/eclipse-workspace/Stellaris_LaunchPad/SW-EK-LM4F120XL-9453/driverlib/gcc/libdriver.a(sysctl.o)
 .text.SysCtlPeripheralPresent
                0x0000000000000000       0x7c /home/student/eclipse-workspace/Stellaris_LaunchPad/SW-EK-LM4F120XL-9453/driverlib/gcc/libdriver.a(sysctl.o)
 .text.SysCtlPeripheralReady
                0x0000000000000000       0x38 /home/student/eclipse-workspace/Stellaris_LaunchPad/SW-EK-LM4F120XL-9453/driverlib/gcc/libdriver.a(sysctl.o)
 .text.SysCtlPeripheralPowerOn
                0x0000000000000000       0x38 /home/student/eclipse-workspace/Stellaris_LaunchPad/SW-EK-LM4F120XL-9453/driverlib/gcc/libdriver.a(sysctl.o)
 .text.SysCtlPeripheralPowerOff
                0x0000000000000000       0x38 /home/student/eclipse-workspace/Stellaris_LaunchPad/SW-EK-LM4F120XL-9453/driverlib/gcc/libdriver.a(sysctl.o)
 .text.SysCtlPeripheralReset
                0x0000000000000000       0x8c /home/student/eclipse-workspace/Stellaris_LaunchPad/SW-EK-LM4F120XL-9453/driverlib/gcc/libdriver.a(sysctl.o)
 .text.SysCtlPeripheralDisable
                0x0000000000000000       0x5c /home/student/eclipse-workspace/Stellaris_LaunchPad/SW-EK-LM4F120XL-9453/driverlib/gcc/libdriver.a(sysctl.o)
 .text.SysCtlPeripheralSleepEnable
                0x0000000000000000       0x5c /home/student/eclipse-workspace/Stellaris_LaunchPad/SW-EK-LM4F120XL-9453/driverlib/gcc/libdriver.a(sysctl.o)
 .text.SysCtlPeripheralSleepDisable
                0x0000000000000000       0x5c /home/student/eclipse-workspace/Stellaris_LaunchPad/SW-EK-LM4F120XL-9453/driverlib/gcc/libdriver.a(sysctl.o)
 .text.SysCtlPeripheralDeepSleepEnable
                0x0000000000000000       0x5c /home/student/eclipse-workspace/Stellaris_LaunchPad/SW-EK-LM4F120XL-9453/driverlib/gcc/libdriver.a(sysctl.o)
 .text.SysCtlPeripheralDeepSleepDisable
                0x0000000000000000       0x5c /home/student/eclipse-workspace/Stellaris_LaunchPad/SW-EK-LM4F120XL-9453/driverlib/gcc/libdriver.a(sysctl.o)
 .text.SysCtlPeripheralClockGating
                0x0000000000000000       0x1c /home/student/eclipse-workspace/Stellaris_LaunchPad/SW-EK-LM4F120XL-9453/driverlib/gcc/libdriver.a(sysctl.o)
 .text.SysCtlIntRegister
                0x0000000000000000       0x14 /home/student/eclipse-workspace/Stellaris_LaunchPad/SW-EK-LM4F120XL-9453/driverlib/gcc/libdriver.a(sysctl.o)
 .text.SysCtlIntUnregister
                0x0000000000000000       0x12 /home/student/eclipse-workspace/Stellaris_LaunchPad/SW-EK-LM4F120XL-9453/driverlib/gcc/libdriver.a(sysctl.o)
 .text.SysCtlIntEnable
                0x0000000000000000       0x10 /home/student/eclipse-workspace/Stellaris_LaunchPad/SW-EK-LM4F120XL-9453/driverlib/gcc/libdriver.a(sysctl.o)
 .text.SysCtlIntDisable
                0x0000000000000000       0x10 /home/student/eclipse-workspace/Stellaris_LaunchPad/SW-EK-LM4F120XL-9453/driverlib/gcc/libdriver.a(sysctl.o)
 .text.SysCtlIntClear
                0x0000000000000000        0xc /home/student/eclipse-workspace/Stellaris_LaunchPad/SW-EK-LM4F120XL-9453/driverlib/gcc/libdriver.a(sysctl.o)
 .text.SysCtlIntStatus
                0x0000000000000000       0x18 /home/student/eclipse-workspace/Stellaris_LaunchPad/SW-EK-LM4F120XL-9453/driverlib/gcc/libdriver.a(sysctl.o)
 .text.SysCtlLDOSet
                0x0000000000000000        0xc /home/student/eclipse-workspace/Stellaris_LaunchPad/SW-EK-LM4F120XL-9453/driverlib/gcc/libdriver.a(sysctl.o)
 .text.SysCtlLDOGet
                0x0000000000000000        0xc /home/student/eclipse-workspace/Stellaris_LaunchPad/SW-EK-LM4F120XL-9453/driverlib/gcc/libdriver.a(sysctl.o)
 .text.SysCtlLDOConfigSet
                0x0000000000000000        0xc /home/student/eclipse-workspace/Stellaris_LaunchPad/SW-EK-LM4F120XL-9453/driverlib/gcc/libdriver.a(sysctl.o)
 .text.SysCtlReset
                0x0000000000000000       0x10 /home/student/eclipse-workspace/Stellaris_LaunchPad/SW-EK-LM4F120XL-9453/driverlib/gcc/libdriver.a(sysctl.o)
 .text.SysCtlSleep
                0x0000000000000000        0x4 /home/student/eclipse-workspace/Stellaris_LaunchPad/SW-EK-LM4F120XL-9453/driverlib/gcc/libdriver.a(sysctl.o)
 .text.SysCtlDeepSleep
                0x0000000000000000       0x20 /home/student/eclipse-workspace/Stellaris_LaunchPad/SW-EK-LM4F120XL-9453/driverlib/gcc/libdriver.a(sysctl.o)
 .text.SysCtlResetCauseGet
                0x0000000000000000        0xc /home/student/eclipse-workspace/Stellaris_LaunchPad/SW-EK-LM4F120XL-9453/driverlib/gcc/libdriver.a(sysctl.o)
 .text.SysCtlResetCauseClear
                0x0000000000000000       0x10 /home/student/eclipse-workspace/Stellaris_LaunchPad/SW-EK-LM4F120XL-9453/driverlib/gcc/libdriver.a(sysctl.o)
 .text.SysCtlBrownOutConfigSet
                0x0000000000000000       0x10 /home/student/eclipse-workspace/Stellaris_LaunchPad/SW-EK-LM4F120XL-9453/driverlib/gcc/libdriver.a(sysctl.o)
 .text.SysCtlMOSCConfigSet
                0x0000000000000000        0xc /home/student/eclipse-workspace/Stellaris_LaunchPad/SW-EK-LM4F120XL-9453/driverlib/gcc/libdriver.a(sysctl.o)
 .text.SysCtlPIOSCCalibrate
                0x0000000000000000       0x54 /home/student/eclipse-workspace/Stellaris_LaunchPad/SW-EK-LM4F120XL-9453/driverlib/gcc/libdriver.a(sysctl.o)
 .text.SysCtlClockGet
                0x0000000000000000      0x22c /home/student/eclipse-workspace/Stellaris_LaunchPad/SW-EK-LM4F120XL-9453/driverlib/gcc/libdriver.a(sysctl.o)
 .text.SysCtlDeepSleepClockSet
                0x0000000000000000        0xc /home/student/eclipse-workspace/Stellaris_LaunchPad/SW-EK-LM4F120XL-9453/driverlib/gcc/libdriver.a(sysctl.o)
 .text.SysCtlPWMClockSet
                0x0000000000000000       0x14 /home/student/eclipse-workspace/Stellaris_LaunchPad/SW-EK-LM4F120XL-9453/driverlib/gcc/libdriver.a(sysctl.o)
 .text.SysCtlPWMClockGet
                0x0000000000000000       0x18 /home/student/eclipse-workspace/Stellaris_LaunchPad/SW-EK-LM4F120XL-9453/driverlib/gcc/libdriver.a(sysctl.o)
 .text.SysCtlADCSpeedSet
                0x0000000000000000       0x20 /home/student/eclipse-workspace/Stellaris_LaunchPad/SW-EK-LM4F120XL-9453/driverlib/gcc/libdriver.a(sysctl.o)
 .text.SysCtlADCSpeedGet
                0x0000000000000000       0x10 /home/student/eclipse-workspace/Stellaris_LaunchPad/SW-EK-LM4F120XL-9453/driverlib/gcc/libdriver.a(sysctl.o)
 .text.SysCtlIOSCVerificationSet
                0x0000000000000000       0x1c /home/student/eclipse-workspace/Stellaris_LaunchPad/SW-EK-LM4F120XL-9453/driverlib/gcc/libdriver.a(sysctl.o)
 .text.SysCtlMOSCVerificationSet
                0x0000000000000000       0x1c /home/student/eclipse-workspace/Stellaris_LaunchPad/SW-EK-LM4F120XL-9453/driverlib/gcc/libdriver.a(sysctl.o)
 .text.SysCtlPLLVerificationSet
                0x0000000000000000       0x1c /home/student/eclipse-workspace/Stellaris_LaunchPad/SW-EK-LM4F120XL-9453/driverlib/gcc/libdriver.a(sysctl.o)
 .text.SysCtlClkVerificationClear
                0x0000000000000000       0x10 /home/student/eclipse-workspace/Stellaris_LaunchPad/SW-EK-LM4F120XL-9453/driverlib/gcc/libdriver.a(sysctl.o)
 .text.SysCtlGPIOAHBEnable
                0x0000000000000000       0x14 /home/student/eclipse-workspace/Stellaris_LaunchPad/SW-EK-LM4F120XL-9453/driverlib/gcc/libdriver.a(sysctl.o)
 .text.SysCtlGPIOAHBDisable
                0x0000000000000000       0x14 /home/student/eclipse-workspace/Stellaris_LaunchPad/SW-EK-LM4F120XL-9453/driverlib/gcc/libdriver.a(sysctl.o)
 .text.SysCtlUSBPLLEnable
                0x0000000000000000       0x10 /home/student/eclipse-workspace/Stellaris_LaunchPad/SW-EK-LM4F120XL-9453/driverlib/gcc/libdriver.a(sysctl.o)
 .text.SysCtlUSBPLLDisable
                0x0000000000000000       0x10 /home/student/eclipse-workspace/Stellaris_LaunchPad/SW-EK-LM4F120XL-9453/driverlib/gcc/libdriver.a(sysctl.o)
 .text.SysCtlI2SMClkSet
                0x0000000000000000       0xe0 /home/student/eclipse-workspace/Stellaris_LaunchPad/SW-EK-LM4F120XL-9453/driverlib/gcc/libdriver.a(sysctl.o)
 .bss.ulOscSelect
                0x0000000000000000        0x4 /home/student/eclipse-workspace/Stellaris_LaunchPad/SW-EK-LM4F120XL-9453/driverlib/gcc/libdriver.a(sysctl.o)
 .bss.ulSysDiv  0x0000000000000000        0x4 /home/student/eclipse-workspace/Stellaris_LaunchPad/SW-EK-LM4F120XL-9453/driverlib/gcc/libdriver.a(sysctl.o)
 .bss.ulOsc     0x0000000000000000        0x4 /home/student/eclipse-workspace/Stellaris_LaunchPad/SW-EK-LM4F120XL-9453/driverlib/gcc/libdriver.a(sysctl.o)
 .rodata.g_pulDCRegs
                0x0000000000000000       0x10 /home/student/eclipse-workspace/Stellaris_LaunchPad/SW-EK-LM4F120XL-9453/driverlib/gcc/libdriver.a(sysctl.o)
 .rodata.g_pulXtals
                0x0000000000000000       0x6c /home/student/eclipse-workspace/Stellaris_LaunchPad/SW-EK-LM4F120XL-9453/driverlib/gcc/libdriver.a(sysctl.o)
 .rodata.g_pulDCGCRegs
                0x0000000000000000        0xc /home/student/eclipse-workspace/Stellaris_LaunchPad/SW-EK-LM4F120XL-9453/driverlib/gcc/libdriver.a(sysctl.o)
 .rodata.g_ppulPeripheralMap
                0x0000000000000000      0x120 /home/student/eclipse-workspace/Stellaris_LaunchPad/SW-EK-LM4F120XL-9453/driverlib/gcc/libdriver.a(sysctl.o)
 .rodata.g_pulSCGCRegs
                0x0000000000000000        0xc /home/student/eclipse-workspace/Stellaris_LaunchPad/SW-EK-LM4F120XL-9453/driverlib/gcc/libdriver.a(sysctl.o)
 .rodata.g_pulSRCRRegs
                0x0000000000000000        0xc /home/student/eclipse-workspace/Stellaris_LaunchPad/SW-EK-LM4F120XL-9453/driverlib/gcc/libdriver.a(sysctl.o)
 .bss.bNewPLL   0x0000000000000000        0x1 /home/student/eclipse-workspace/Stellaris_LaunchPad/SW-EK-LM4F120XL-9453/driverlib/gcc/libdriver.a(sysctl.o)
 .text          0x0000000000000000        0x0 /home/student/eclipse-workspace/Stellaris_LaunchPad/SW-EK-LM4F120XL-9453/driverlib/gcc/libdriver.a(uart.o)
 .data          0x0000000000000000        0x0 /home/student/eclipse-workspace/Stellaris_LaunchPad/SW-EK-LM4F120XL-9453/driverlib/gcc/libdriver.a(uart.o)
 .bss           0x0000000000000000        0x0 /home/student/eclipse-workspace/Stellaris_LaunchPad/SW-EK-LM4F120XL-9453/driverlib/gcc/libdriver.a(uart.o)
 .text.UARTIntNumberGet
                0x0000000000000000       0x28 /home/student/eclipse-workspace/Stellaris_LaunchPad/SW-EK-LM4F120XL-9453/driverlib/gcc/libdriver.a(uart.o)
 .text.UARTParityModeSet
                0x0000000000000000        0xc /home/student/eclipse-workspace/Stellaris_LaunchPad/SW-EK-LM4F120XL-9453/driverlib/gcc/libdriver.a(uart.o)
 .text.UARTParityModeGet
                0x0000000000000000        0x8 /home/student/eclipse-workspace/Stellaris_LaunchPad/SW-EK-LM4F120XL-9453/driverlib/gcc/libdriver.a(uart.o)
 .text.UARTFIFOLevelSet
                0x0000000000000000        0x6 /home/student/eclipse-workspace/Stellaris_LaunchPad/SW-EK-LM4F120XL-9453/driverlib/gcc/libdriver.a(uart.o)
 .text.UARTFIFOLevelGet
                0x0000000000000000       0x10 /home/student/eclipse-workspace/Stellaris_LaunchPad/SW-EK-LM4F120XL-9453/driverlib/gcc/libdriver.a(uart.o)
 .text.UARTConfigGetExpClk
                0x0000000000000000       0x28 /home/student/eclipse-workspace/Stellaris_LaunchPad/SW-EK-LM4F120XL-9453/driverlib/gcc/libdriver.a(uart.o)
 .text.UARTEnable
                0x0000000000000000       0x16 /home/student/eclipse-workspace/Stellaris_LaunchPad/SW-EK-LM4F120XL-9453/driverlib/gcc/libdriver.a(uart.o)
 .text.UARTDisable
                0x0000000000000000       0x1e /home/student/eclipse-workspace/Stellaris_LaunchPad/SW-EK-LM4F120XL-9453/driverlib/gcc/libdriver.a(uart.o)
 .text.UARTConfigSetExpClk
                0x0000000000000000       0x4e /home/student/eclipse-workspace/Stellaris_LaunchPad/SW-EK-LM4F120XL-9453/driverlib/gcc/libdriver.a(uart.o)
 .text.UARTFIFOEnable
                0x0000000000000000        0xa /home/student/eclipse-workspace/Stellaris_LaunchPad/SW-EK-LM4F120XL-9453/driverlib/gcc/libdriver.a(uart.o)
 .text.UARTFIFODisable
                0x0000000000000000        0xa /home/student/eclipse-workspace/Stellaris_LaunchPad/SW-EK-LM4F120XL-9453/driverlib/gcc/libdriver.a(uart.o)
 .text.UARTEnableSIR
                0x0000000000000000       0x14 /home/student/eclipse-workspace/Stellaris_LaunchPad/SW-EK-LM4F120XL-9453/driverlib/gcc/libdriver.a(uart.o)
 .text.UARTDisableSIR
                0x0000000000000000        0xa /home/student/eclipse-workspace/Stellaris_LaunchPad/SW-EK-LM4F120XL-9453/driverlib/gcc/libdriver.a(uart.o)
 .text.UARTSmartCardEnable
                0x0000000000000000       0x16 /home/student/eclipse-workspace/Stellaris_LaunchPad/SW-EK-LM4F120XL-9453/driverlib/gcc/libdriver.a(uart.o)
 .text.UARTSmartCardDisable
                0x0000000000000000        0xa /home/student/eclipse-workspace/Stellaris_LaunchPad/SW-EK-LM4F120XL-9453/driverlib/gcc/libdriver.a(uart.o)
 .text.UARTModemControlSet
                0x0000000000000000        0xc /home/student/eclipse-workspace/Stellaris_LaunchPad/SW-EK-LM4F120XL-9453/driverlib/gcc/libdriver.a(uart.o)
 .text.UARTModemControlClear
                0x0000000000000000        0xe /home/student/eclipse-workspace/Stellaris_LaunchPad/SW-EK-LM4F120XL-9453/driverlib/gcc/libdriver.a(uart.o)
 .text.UARTModemControlGet
                0x0000000000000000        0x8 /home/student/eclipse-workspace/Stellaris_LaunchPad/SW-EK-LM4F120XL-9453/driverlib/gcc/libdriver.a(uart.o)
 .text.UARTModemStatusGet
                0x0000000000000000        0xc /home/student/eclipse-workspace/Stellaris_LaunchPad/SW-EK-LM4F120XL-9453/driverlib/gcc/libdriver.a(uart.o)
 .text.UARTFlowControlSet
                0x0000000000000000        0xc /home/student/eclipse-workspace/Stellaris_LaunchPad/SW-EK-LM4F120XL-9453/driverlib/gcc/libdriver.a(uart.o)
 .text.UARTFlowControlGet
                0x0000000000000000        0x8 /home/student/eclipse-workspace/Stellaris_LaunchPad/SW-EK-LM4F120XL-9453/driverlib/gcc/libdriver.a(uart.o)
 .text.UARTTxIntModeSet
                0x0000000000000000        0xc /home/student/eclipse-workspace/Stellaris_LaunchPad/SW-EK-LM4F120XL-9453/driverlib/gcc/libdriver.a(uart.o)
 .text.UARTTxIntModeGet
                0x0000000000000000        0x8 /home/student/eclipse-workspace/Stellaris_LaunchPad/SW-EK-LM4F120XL-9453/driverlib/gcc/libdriver.a(uart.o)
 .text.UARTCharsAvail
                0x0000000000000000       0x10 /home/student/eclipse-workspace/Stellaris_LaunchPad/SW-EK-LM4F120XL-9453/driverlib/gcc/libdriver.a(uart.o)
 .text.UARTSpaceAvail
                0x0000000000000000       0x10 /home/student/eclipse-workspace/Stellaris_LaunchPad/SW-EK-LM4F120XL-9453/driverlib/gcc/libdriver.a(uart.o)
 .text.UARTCharGetNonBlocking
                0x0000000000000000       0x10 /home/student/eclipse-workspace/Stellaris_LaunchPad/SW-EK-LM4F120XL-9453/driverlib/gcc/libdriver.a(uart.o)
 .text.UARTCharGet
                0x0000000000000000        0xc /home/student/eclipse-workspace/Stellaris_LaunchPad/SW-EK-LM4F120XL-9453/driverlib/gcc/libdriver.a(uart.o)
 .text.UARTCharPutNonBlocking
                0x0000000000000000       0x12 /home/student/eclipse-workspace/Stellaris_LaunchPad/SW-EK-LM4F120XL-9453/driverlib/gcc/libdriver.a(uart.o)
 .text.UARTCharPut
                0x0000000000000000        0xc /home/student/eclipse-workspace/Stellaris_LaunchPad/SW-EK-LM4F120XL-9453/driverlib/gcc/libdriver.a(uart.o)
 .text.UARTBreakCtl
                0x0000000000000000       0x18 /home/student/eclipse-workspace/Stellaris_LaunchPad/SW-EK-LM4F120XL-9453/driverlib/gcc/libdriver.a(uart.o)
 .text.UARTBusy
                0x0000000000000000        0x8 /home/student/eclipse-workspace/Stellaris_LaunchPad/SW-EK-LM4F120XL-9453/driverlib/gcc/libdriver.a(uart.o)
 .text.UARTIntRegister
                0x0000000000000000       0x1a /home/student/eclipse-workspace/Stellaris_LaunchPad/SW-EK-LM4F120XL-9453/driverlib/gcc/libdriver.a(uart.o)
 .text.UARTIntUnregister
                0x0000000000000000       0x16 /home/student/eclipse-workspace/Stellaris_LaunchPad/SW-EK-LM4F120XL-9453/driverlib/gcc/libdriver.a(uart.o)
 .text.UARTIntEnable
                0x0000000000000000        0x8 /home/student/eclipse-workspace/Stellaris_LaunchPad/SW-EK-LM4F120XL-9453/driverlib/gcc/libdriver.a(uart.o)
 .text.UARTIntDisable
                0x0000000000000000        0xa /home/student/eclipse-workspace/Stellaris_LaunchPad/SW-EK-LM4F120XL-9453/driverlib/gcc/libdriver.a(uart.o)
 .text.UARTIntStatus
                0x0000000000000000        0xa /home/student/eclipse-workspace/Stellaris_LaunchPad/SW-EK-LM4F120XL-9453/driverlib/gcc/libdriver.a(uart.o)
 .text.UARTIntClear
                0x0000000000000000        0x4 /home/student/eclipse-workspace/Stellaris_LaunchPad/SW-EK-LM4F120XL-9453/driverlib/gcc/libdriver.a(uart.o)
 .text.UARTDMAEnable
                0x0000000000000000        0x8 /home/student/eclipse-workspace/Stellaris_LaunchPad/SW-EK-LM4F120XL-9453/driverlib/gcc/libdriver.a(uart.o)
 .text.UARTDMADisable
                0x0000000000000000        0xa /home/student/eclipse-workspace/Stellaris_LaunchPad/SW-EK-LM4F120XL-9453/driverlib/gcc/libdriver.a(uart.o)
 .text.UARTRxErrorGet
                0x0000000000000000        0x8 /home/student/eclipse-workspace/Stellaris_LaunchPad/SW-EK-LM4F120XL-9453/driverlib/gcc/libdriver.a(uart.o)
 .text.UARTRxErrorClear
                0x0000000000000000        0x6 /home/student/eclipse-workspace/Stellaris_LaunchPad/SW-EK-LM4F120XL-9453/driverlib/gcc/libdriver.a(uart.o)
 .text.UARTClockSourceSet
                0x0000000000000000        0x6 /home/student/eclipse-workspace/Stellaris_LaunchPad/SW-EK-LM4F120XL-9453/driverlib/gcc/libdriver.a(uart.o)
 .text.UARTClockSourceGet
                0x0000000000000000        0x6 /home/student/eclipse-workspace/Stellaris_LaunchPad/SW-EK-LM4F120XL-9453/driverlib/gcc/libdriver.a(uart.o)
 .text.UART9BitEnable
                0x0000000000000000        0xe /home/student/eclipse-workspace/Stellaris_LaunchPad/SW-EK-LM4F120XL-9453/driverlib/gcc/libdriver.a(uart.o)
 .text.UART9BitDisable
                0x0000000000000000        0xe /home/student/eclipse-workspace/Stellaris_LaunchPad/SW-EK-LM4F120XL-9453/driverlib/gcc/libdriver.a(uart.o)
 .text.UART9BitAddrSet
                0x0000000000000000        0xa /home/student/eclipse-workspace/Stellaris_LaunchPad/SW-EK-LM4F120XL-9453/driverlib/gcc/libdriver.a(uart.o)
 .text.UART9BitAddrSend
                0x0000000000000000       0x28 /home/student/eclipse-workspace/Stellaris_LaunchPad/SW-EK-LM4F120XL-9453/driverlib/gcc/libdriver.a(uart.o)
 .rodata.g_ppulUARTIntMap
                0x0000000000000000       0x40 /home/student/eclipse-workspace/Stellaris_LaunchPad/SW-EK-LM4F120XL-9453/driverlib/gcc/libdriver.a(uart.o)
 .comment       0x0000000000000000       0x2c /home/student/eclipse-workspace/Stellaris_LaunchPad/SW-EK-LM4F120XL-9453/driverlib/gcc/libdriver.a(uart.o)
 .ARM.attributes
                0x0000000000000000       0x37 /home/student/eclipse-workspace/Stellaris_LaunchPad/SW-EK-LM4F120XL-9453/driverlib/gcc/libdriver.a(uart.o)
 .text          0x0000000000000000        0x0 /home/student/eclipse-workspace/Stellaris_LaunchPad/SW-EK-LM4F120XL-9453/driverlib/gcc/libdriver.a(cpu.o)
 .data          0x0000000000000000        0x0 /home/student/eclipse-workspace/Stellaris_LaunchPad/SW-EK-LM4F120XL-9453/driverlib/gcc/libdriver.a(cpu.o)
 .bss           0x0000000000000000        0x0 /home/student/eclipse-workspace/Stellaris_LaunchPad/SW-EK-LM4F120XL-9453/driverlib/gcc/libdriver.a(cpu.o)
 .text.CPUcpsid
                0x0000000000000000        0x8 /home/student/eclipse-workspace/Stellaris_LaunchPad/SW-EK-LM4F120XL-9453/driverlib/gcc/libdriver.a(cpu.o)
 .text.CPUprimask
                0x0000000000000000        0x6 /home/student/eclipse-workspace/Stellaris_LaunchPad/SW-EK-LM4F120XL-9453/driverlib/gcc/libdriver.a(cpu.o)
 .text.CPUcpsie
                0x0000000000000000        0x8 /home/student/eclipse-workspace/Stellaris_LaunchPad/SW-EK-LM4F120XL-9453/driverlib/gcc/libdriver.a(cpu.o)
 .text.CPUwfi   0x0000000000000000        0x4 /home/student/eclipse-workspace/Stellaris_LaunchPad/SW-EK-LM4F120XL-9453/driverlib/gcc/libdriver.a(cpu.o)
 .text.CPUbasepriSet
                0x0000000000000000        0x6 /home/student/eclipse-workspace/Stellaris_LaunchPad/SW-EK-LM4F120XL-9453/driverlib/gcc/libdriver.a(cpu.o)
 .text.CPUbasepriGet
                0x0000000000000000        0x6 /home/student/eclipse-workspace/Stellaris_LaunchPad/SW-EK-LM4F120XL-9453/driverlib/gcc/libdriver.a(cpu.o)
 .comment       0x0000000000000000       0x2c /home/student/eclipse-workspace/Stellaris_LaunchPad/SW-EK-LM4F120XL-9453/driverlib/gcc/libdriver.a(cpu.o)
 .ARM.attributes
                0x0000000000000000       0x37 /home/student/eclipse-workspace/Stellaris_LaunchPad/SW-EK-LM4F120XL-9453/driverlib/gcc/libdriver.a(cpu.o)
 .text          0x0000000000000000        0xc /usr/lib/gcc/arm-none-eabi/5.4.1/../../../arm-none-eabi/lib/armv7e-m/softfp/libg.a(lib_a-atexit.o)
 .data          0x0000000000000000        0x0 /usr/lib/gcc/arm-none-eabi/5.4.1/../../../arm-none-eabi/lib/armv7e-m/softfp/libg.a(lib_a-atexit.o)
 .bss           0x0000000000000000        0x0 /usr/lib/gcc/arm-none-eabi/5.4.1/../../../arm-none-eabi/lib/armv7e-m/softfp/libg.a(lib_a-atexit.o)
 .debug_info    0x0000000000000000       0xfe /usr/lib/gcc/arm-none-eabi/5.4.1/../../../arm-none-eabi/lib/armv7e-m/softfp/libg.a(lib_a-atexit.o)
 .debug_abbrev  0x0000000000000000       0xaa /usr/lib/gcc/arm-none-eabi/5.4.1/../../../arm-none-eabi/lib/armv7e-m/softfp/libg.a(lib_a-atexit.o)
 .debug_loc     0x0000000000000000       0x2c /usr/lib/gcc/arm-none-eabi/5.4.1/../../../arm-none-eabi/lib/armv7e-m/softfp/libg.a(lib_a-atexit.o)
 .debug_aranges
                0x0000000000000000       0x20 /usr/lib/gcc/arm-none-eabi/5.4.1/../../../arm-none-eabi/lib/armv7e-m/softfp/libg.a(lib_a-atexit.o)
 .debug_line    0x0000000000000000       0xb8 /usr/lib/gcc/arm-none-eabi/5.4.1/../../../arm-none-eabi/lib/armv7e-m/softfp/libg.a(lib_a-atexit.o)
 .debug_str     0x0000000000000000      0x221 /usr/lib/gcc/arm-none-eabi/5.4.1/../../../arm-none-eabi/lib/armv7e-m/softfp/libg.a(lib_a-atexit.o)
 .comment       0x0000000000000000       0x2c /usr/lib/gcc/arm-none-eabi/5.4.1/../../../arm-none-eabi/lib/armv7e-m/softfp/libg.a(lib_a-atexit.o)
 .debug_frame   0x0000000000000000       0x20 /usr/lib/gcc/arm-none-eabi/5.4.1/../../../arm-none-eabi/lib/armv7e-m/softfp/libg.a(lib_a-atexit.o)
 .ARM.attributes
                0x0000000000000000       0x32 /usr/lib/gcc/arm-none-eabi/5.4.1/../../../arm-none-eabi/lib/armv7e-m/softfp/libg.a(lib_a-atexit.o)
 .text          0x0000000000000000       0x20 /usr/lib/gcc/arm-none-eabi/5.4.1/../../../arm-none-eabi/lib/armv7e-m/softfp/libg.a(lib_a-exit.o)
 .data          0x0000000000000000        0x0 /usr/lib/gcc/arm-none-eabi/5.4.1/../../../arm-none-eabi/lib/armv7e-m/softfp/libg.a(lib_a-exit.o)
 .bss           0x0000000000000000        0x0 /usr/lib/gcc/arm-none-eabi/5.4.1/../../../arm-none-eabi/lib/armv7e-m/softfp/libg.a(lib_a-exit.o)
 .debug_info    0x0000000000000000      0x8de /usr/lib/gcc/arm-none-eabi/5.4.1/../../../arm-none-eabi/lib/armv7e-m/softfp/libg.a(lib_a-exit.o)
 .debug_abbrev  0x0000000000000000      0x1d6 /usr/lib/gcc/arm-none-eabi/5.4.1/../../../arm-none-eabi/lib/armv7e-m/softfp/libg.a(lib_a-exit.o)
 .debug_loc     0x0000000000000000       0x1e /usr/lib/gcc/arm-none-eabi/5.4.1/../../../arm-none-eabi/lib/armv7e-m/softfp/libg.a(lib_a-exit.o)
 .debug_aranges
                0x0000000000000000       0x20 /usr/lib/gcc/arm-none-eabi/5.4.1/../../../arm-none-eabi/lib/armv7e-m/softfp/libg.a(lib_a-exit.o)
 .debug_line    0x0000000000000000      0x162 /usr/lib/gcc/arm-none-eabi/5.4.1/../../../arm-none-eabi/lib/armv7e-m/softfp/libg.a(lib_a-exit.o)
 .debug_str     0x0000000000000000      0x5be /usr/lib/gcc/arm-none-eabi/5.4.1/../../../arm-none-eabi/lib/armv7e-m/softfp/libg.a(lib_a-exit.o)
 .comment       0x0000000000000000       0x2c /usr/lib/gcc/arm-none-eabi/5.4.1/../../../arm-none-eabi/lib/armv7e-m/softfp/libg.a(lib_a-exit.o)
 .debug_frame   0x0000000000000000       0x28 /usr/lib/gcc/arm-none-eabi/5.4.1/../../../arm-none-eabi/lib/armv7e-m/softfp/libg.a(lib_a-exit.o)
 .ARM.attributes
                0x0000000000000000       0x32 /usr/lib/gcc/arm-none-eabi/5.4.1/../../../arm-none-eabi/lib/armv7e-m/softfp/libg.a(lib_a-exit.o)
 .text          0x0000000000000000       0x28 /usr/lib/gcc/arm-none-eabi/5.4.1/../../../arm-none-eabi/lib/armv7e-m/softfp/libg.a(lib_a-fini.o)
 .data          0x0000000000000000        0x0 /usr/lib/gcc/arm-none-eabi/5.4.1/../../../arm-none-eabi/lib/armv7e-m/softfp/libg.a(lib_a-fini.o)
 .bss           0x0000000000000000        0x0 /usr/lib/gcc/arm-none-eabi/5.4.1/../../../arm-none-eabi/lib/armv7e-m/softfp/libg.a(lib_a-fini.o)
 .debug_info    0x0000000000000000       0xfa /usr/lib/gcc/arm-none-eabi/5.4.1/../../../arm-none-eabi/lib/armv7e-m/softfp/libg.a(lib_a-fini.o)
 .debug_abbrev  0x0000000000000000       0xbd /usr/lib/gcc/arm-none-eabi/5.4.1/../../../arm-none-eabi/lib/armv7e-m/softfp/libg.a(lib_a-fini.o)
 .debug_loc     0x0000000000000000       0x5c /usr/lib/gcc/arm-none-eabi/5.4.1/../../../arm-none-eabi/lib/armv7e-m/softfp/libg.a(lib_a-fini.o)
 .debug_aranges
                0x0000000000000000       0x20 /usr/lib/gcc/arm-none-eabi/5.4.1/../../../arm-none-eabi/lib/armv7e-m/softfp/libg.a(lib_a-fini.o)
 .debug_line    0x0000000000000000       0x9f /usr/lib/gcc/arm-none-eabi/5.4.1/../../../arm-none-eabi/lib/armv7e-m/softfp/libg.a(lib_a-fini.o)
 .debug_str     0x0000000000000000      0x219 /usr/lib/gcc/arm-none-eabi/5.4.1/../../../arm-none-eabi/lib/armv7e-m/softfp/libg.a(lib_a-fini.o)
 .comment       0x0000000000000000       0x2c /usr/lib/gcc/arm-none-eabi/5.4.1/../../../arm-none-eabi/lib/armv7e-m/softfp/libg.a(lib_a-fini.o)
 .debug_frame   0x0000000000000000       0x34 /usr/lib/gcc/arm-none-eabi/5.4.1/../../../arm-none-eabi/lib/armv7e-m/softfp/libg.a(lib_a-fini.o)
 .ARM.attributes
                0x0000000000000000       0x32 /usr/lib/gcc/arm-none-eabi/5.4.1/../../../arm-none-eabi/lib/armv7e-m/softfp/libg.a(lib_a-fini.o)
 .text          0x0000000000000000        0x0 /usr/lib/gcc/arm-none-eabi/5.4.1/../../../arm-none-eabi/lib/armv7e-m/softfp/libg.a(lib_a-impure.o)
 .data          0x0000000000000000      0x430 /usr/lib/gcc/arm-none-eabi/5.4.1/../../../arm-none-eabi/lib/armv7e-m/softfp/libg.a(lib_a-impure.o)
 .bss           0x0000000000000000        0x0 /usr/lib/gcc/arm-none-eabi/5.4.1/../../../arm-none-eabi/lib/armv7e-m/softfp/libg.a(lib_a-impure.o)
 .rodata        0x0000000000000000        0x4 /usr/lib/gcc/arm-none-eabi/5.4.1/../../../arm-none-eabi/lib/armv7e-m/softfp/libg.a(lib_a-impure.o)
 .rodata.str1.4
                0x0000000000000000        0x2 /usr/lib/gcc/arm-none-eabi/5.4.1/../../../arm-none-eabi/lib/armv7e-m/softfp/libg.a(lib_a-impure.o)
 .debug_info    0x0000000000000000      0x89b /usr/lib/gcc/arm-none-eabi/5.4.1/../../../arm-none-eabi/lib/armv7e-m/softfp/libg.a(lib_a-impure.o)
 .debug_abbrev  0x0000000000000000      0x180 /usr/lib/gcc/arm-none-eabi/5.4.1/../../../arm-none-eabi/lib/armv7e-m/softfp/libg.a(lib_a-impure.o)
 .debug_aranges
                0x0000000000000000       0x18 /usr/lib/gcc/arm-none-eabi/5.4.1/../../../arm-none-eabi/lib/armv7e-m/softfp/libg.a(lib_a-impure.o)
 .debug_line    0x0000000000000000       0xe9 /usr/lib/gcc/arm-none-eabi/5.4.1/../../../arm-none-eabi/lib/armv7e-m/softfp/libg.a(lib_a-impure.o)
 .debug_str     0x0000000000000000      0x5b5 /usr/lib/gcc/arm-none-eabi/5.4.1/../../../arm-none-eabi/lib/armv7e-m/softfp/libg.a(lib_a-impure.o)
 .comment       0x0000000000000000       0x2c /usr/lib/gcc/arm-none-eabi/5.4.1/../../../arm-none-eabi/lib/armv7e-m/softfp/libg.a(lib_a-impure.o)
 .ARM.attributes
                0x0000000000000000       0x32 /usr/lib/gcc/arm-none-eabi/5.4.1/../../../arm-none-eabi/lib/armv7e-m/softfp/libg.a(lib_a-impure.o)
 .text          0x0000000000000000       0x50 /usr/lib/gcc/arm-none-eabi/5.4.1/../../../arm-none-eabi/lib/armv7e-m/softfp/libg.a(lib_a-init.o)
 .data          0x0000000000000000        0x0 /usr/lib/gcc/arm-none-eabi/5.4.1/../../../arm-none-eabi/lib/armv7e-m/softfp/libg.a(lib_a-init.o)
 .bss           0x0000000000000000        0x0 /usr/lib/gcc/arm-none-eabi/5.4.1/../../../arm-none-eabi/lib/armv7e-m/softfp/libg.a(lib_a-init.o)
 .debug_info    0x0000000000000000      0x110 /usr/lib/gcc/arm-none-eabi/5.4.1/../../../arm-none-eabi/lib/armv7e-m/softfp/libg.a(lib_a-init.o)
 .debug_abbrev  0x0000000000000000       0xba /usr/lib/gcc/arm-none-eabi/5.4.1/../../../arm-none-eabi/lib/armv7e-m/softfp/libg.a(lib_a-init.o)
 .debug_loc     0x0000000000000000       0xae /usr/lib/gcc/arm-none-eabi/5.4.1/../../../arm-none-eabi/lib/armv7e-m/softfp/libg.a(lib_a-init.o)
 .debug_aranges
                0x0000000000000000       0x20 /usr/lib/gcc/arm-none-eabi/5.4.1/../../../arm-none-eabi/lib/armv7e-m/softfp/libg.a(lib_a-init.o)
 .debug_line    0x0000000000000000       0xb8 /usr/lib/gcc/arm-none-eabi/5.4.1/../../../arm-none-eabi/lib/armv7e-m/softfp/libg.a(lib_a-init.o)
 .debug_str     0x0000000000000000      0x243 /usr/lib/gcc/arm-none-eabi/5.4.1/../../../arm-none-eabi/lib/armv7e-m/softfp/libg.a(lib_a-init.o)
 .comment       0x0000000000000000       0x2c /usr/lib/gcc/arm-none-eabi/5.4.1/../../../arm-none-eabi/lib/armv7e-m/softfp/libg.a(lib_a-init.o)
 .debug_frame   0x0000000000000000       0x2c /usr/lib/gcc/arm-none-eabi/5.4.1/../../../arm-none-eabi/lib/armv7e-m/softfp/libg.a(lib_a-init.o)
 .ARM.attributes
                0x0000000000000000       0x32 /usr/lib/gcc/arm-none-eabi/5.4.1/../../../arm-none-eabi/lib/armv7e-m/softfp/libg.a(lib_a-init.o)
 .data          0x0000000000000000        0x0 /usr/lib/gcc/arm-none-eabi/5.4.1/../../../arm-none-eabi/lib/armv7e-m/softfp/libg.a(lib_a-itoa.o)
 .bss           0x0000000000000000        0x0 /usr/lib/gcc/arm-none-eabi/5.4.1/../../../arm-none-eabi/lib/armv7e-m/softfp/libg.a(lib_a-itoa.o)
 .text          0x0000000000000000       0x9c /usr/lib/gcc/arm-none-eabi/5.4.1/../../../arm-none-eabi/lib/armv7e-m/softfp/libg.a(lib_a-memset.o)
 .data          0x0000000000000000        0x0 /usr/lib/gcc/arm-none-eabi/5.4.1/../../../arm-none-eabi/lib/armv7e-m/softfp/libg.a(lib_a-memset.o)
 .bss           0x0000000000000000        0x0 /usr/lib/gcc/arm-none-eabi/5.4.1/../../../arm-none-eabi/lib/armv7e-m/softfp/libg.a(lib_a-memset.o)
 .debug_info    0x0000000000000000      0x11e /usr/lib/gcc/arm-none-eabi/5.4.1/../../../arm-none-eabi/lib/armv7e-m/softfp/libg.a(lib_a-memset.o)
 .debug_abbrev  0x0000000000000000       0x9f /usr/lib/gcc/arm-none-eabi/5.4.1/../../../arm-none-eabi/lib/armv7e-m/softfp/libg.a(lib_a-memset.o)
 .debug_loc     0x0000000000000000      0x1ae /usr/lib/gcc/arm-none-eabi/5.4.1/../../../arm-none-eabi/lib/armv7e-m/softfp/libg.a(lib_a-memset.o)
 .debug_aranges
                0x0000000000000000       0x20 /usr/lib/gcc/arm-none-eabi/5.4.1/../../../arm-none-eabi/lib/armv7e-m/softfp/libg.a(lib_a-memset.o)
 .debug_line    0x0000000000000000      0x111 /usr/lib/gcc/arm-none-eabi/5.4.1/../../../arm-none-eabi/lib/armv7e-m/softfp/libg.a(lib_a-memset.o)
 .debug_str     0x0000000000000000      0x1f8 /usr/lib/gcc/arm-none-eabi/5.4.1/../../../arm-none-eabi/lib/armv7e-m/softfp/libg.a(lib_a-memset.o)
 .comment       0x0000000000000000       0x2c /usr/lib/gcc/arm-none-eabi/5.4.1/../../../arm-none-eabi/lib/armv7e-m/softfp/libg.a(lib_a-memset.o)
 .debug_frame   0x0000000000000000       0x34 /usr/lib/gcc/arm-none-eabi/5.4.1/../../../arm-none-eabi/lib/armv7e-m/softfp/libg.a(lib_a-memset.o)
 .ARM.attributes
                0x0000000000000000       0x32 /usr/lib/gcc/arm-none-eabi/5.4.1/../../../arm-none-eabi/lib/armv7e-m/softfp/libg.a(lib_a-memset.o)
 .data          0x0000000000000000        0x0 /usr/lib/gcc/arm-none-eabi/5.4.1/../../../arm-none-eabi/lib/armv7e-m/softfp/libg.a(lib_a-utoa.o)
 .bss           0x0000000000000000        0x0 /usr/lib/gcc/arm-none-eabi/5.4.1/../../../arm-none-eabi/lib/armv7e-m/softfp/libg.a(lib_a-utoa.o)
 .text          0x0000000000000000       0xa4 /usr/lib/gcc/arm-none-eabi/5.4.1/../../../arm-none-eabi/lib/armv7e-m/softfp/libg.a(lib_a-__atexit.o)
 .data          0x0000000000000000        0x0 /usr/lib/gcc/arm-none-eabi/5.4.1/../../../arm-none-eabi/lib/armv7e-m/softfp/libg.a(lib_a-__atexit.o)
 .bss           0x0000000000000000        0x0 /usr/lib/gcc/arm-none-eabi/5.4.1/../../../arm-none-eabi/lib/armv7e-m/softfp/libg.a(lib_a-__atexit.o)
 .debug_info    0x0000000000000000      0x92e /usr/lib/gcc/arm-none-eabi/5.4.1/../../../arm-none-eabi/lib/armv7e-m/softfp/libg.a(lib_a-__atexit.o)
 .debug_abbrev  0x0000000000000000      0x20f /usr/lib/gcc/arm-none-eabi/5.4.1/../../../arm-none-eabi/lib/armv7e-m/softfp/libg.a(lib_a-__atexit.o)
 .debug_loc     0x0000000000000000      0x197 /usr/lib/gcc/arm-none-eabi/5.4.1/../../../arm-none-eabi/lib/armv7e-m/softfp/libg.a(lib_a-__atexit.o)
 .debug_aranges
                0x0000000000000000       0x20 /usr/lib/gcc/arm-none-eabi/5.4.1/../../../arm-none-eabi/lib/armv7e-m/softfp/libg.a(lib_a-__atexit.o)
 .debug_line    0x0000000000000000      0x184 /usr/lib/gcc/arm-none-eabi/5.4.1/../../../arm-none-eabi/lib/armv7e-m/softfp/libg.a(lib_a-__atexit.o)
 .debug_str     0x0000000000000000      0x5f6 /usr/lib/gcc/arm-none-eabi/5.4.1/../../../arm-none-eabi/lib/armv7e-m/softfp/libg.a(lib_a-__atexit.o)
 .comment       0x0000000000000000       0x2c /usr/lib/gcc/arm-none-eabi/5.4.1/../../../arm-none-eabi/lib/armv7e-m/softfp/libg.a(lib_a-__atexit.o)
 .debug_frame   0x0000000000000000       0x34 /usr/lib/gcc/arm-none-eabi/5.4.1/../../../arm-none-eabi/lib/armv7e-m/softfp/libg.a(lib_a-__atexit.o)
 .ARM.attributes
                0x0000000000000000       0x32 /usr/lib/gcc/arm-none-eabi/5.4.1/../../../arm-none-eabi/lib/armv7e-m/softfp/libg.a(lib_a-__atexit.o)
 .text          0x0000000000000000       0xd8 /usr/lib/gcc/arm-none-eabi/5.4.1/../../../arm-none-eabi/lib/armv7e-m/softfp/libg.a(lib_a-__call_atexit.o)
 .data          0x0000000000000000        0x0 /usr/lib/gcc/arm-none-eabi/5.4.1/../../../arm-none-eabi/lib/armv7e-m/softfp/libg.a(lib_a-__call_atexit.o)
 .bss           0x0000000000000000        0x0 /usr/lib/gcc/arm-none-eabi/5.4.1/../../../arm-none-eabi/lib/armv7e-m/softfp/libg.a(lib_a-__call_atexit.o)
 .text.startup  0x0000000000000000       0x14 /usr/lib/gcc/arm-none-eabi/5.4.1/../../../arm-none-eabi/lib/armv7e-m/softfp/libg.a(lib_a-__call_atexit.o)
 .init_array.00000
                0x0000000000000000        0x4 /usr/lib/gcc/arm-none-eabi/5.4.1/../../../arm-none-eabi/lib/armv7e-m/softfp/libg.a(lib_a-__call_atexit.o)
 .debug_info    0x0000000000000000      0x9a5 /usr/lib/gcc/arm-none-eabi/5.4.1/../../../arm-none-eabi/lib/armv7e-m/softfp/libg.a(lib_a-__call_atexit.o)
 .debug_abbrev  0x0000000000000000      0x270 /usr/lib/gcc/arm-none-eabi/5.4.1/../../../arm-none-eabi/lib/armv7e-m/softfp/libg.a(lib_a-__call_atexit.o)
 .debug_loc     0x0000000000000000      0x17b /usr/lib/gcc/arm-none-eabi/5.4.1/../../../arm-none-eabi/lib/armv7e-m/softfp/libg.a(lib_a-__call_atexit.o)
 .debug_aranges
                0x0000000000000000       0x28 /usr/lib/gcc/arm-none-eabi/5.4.1/../../../arm-none-eabi/lib/armv7e-m/softfp/libg.a(lib_a-__call_atexit.o)
 .debug_ranges  0x0000000000000000       0x38 /usr/lib/gcc/arm-none-eabi/5.4.1/../../../arm-none-eabi/lib/armv7e-m/softfp/libg.a(lib_a-__call_atexit.o)
 .debug_line    0x0000000000000000      0x1b0 /usr/lib/gcc/arm-none-eabi/5.4.1/../../../arm-none-eabi/lib/armv7e-m/softfp/libg.a(lib_a-__call_atexit.o)
 .debug_str     0x0000000000000000      0x615 /usr/lib/gcc/arm-none-eabi/5.4.1/../../../arm-none-eabi/lib/armv7e-m/softfp/libg.a(lib_a-__call_atexit.o)
 .comment       0x0000000000000000       0x2c /usr/lib/gcc/arm-none-eabi/5.4.1/../../../arm-none-eabi/lib/armv7e-m/softfp/libg.a(lib_a-__call_atexit.o)
 .debug_frame   0x0000000000000000       0x50 /usr/lib/gcc/arm-none-eabi/5.4.1/../../../arm-none-eabi/lib/armv7e-m/softfp/libg.a(lib_a-__call_atexit.o)
 .ARM.attributes
                0x0000000000000000       0x32 /usr/lib/gcc/arm-none-eabi/5.4.1/../../../arm-none-eabi/lib/armv7e-m/softfp/libg.a(lib_a-__call_atexit.o)
 .text          0x0000000000000000        0x0 /usr/lib/gcc/arm-none-eabi/5.4.1/armv7e-m/softfp/crtend.o
 .data          0x0000000000000000        0x0 /usr/lib/gcc/arm-none-eabi/5.4.1/armv7e-m/softfp/crtend.o
 .bss           0x0000000000000000        0x0 /usr/lib/gcc/arm-none-eabi/5.4.1/armv7e-m/softfp/crtend.o
 .eh_frame      0x0000000000000000        0x4 /usr/lib/gcc/arm-none-eabi/5.4.1/armv7e-m/softfp/crtend.o
 .jcr           0x0000000000000000        0x4 /usr/lib/gcc/arm-none-eabi/5.4.1/armv7e-m/softfp/crtend.o
 .tm_clone_table
                0x0000000000000000        0x0 /usr/lib/gcc/arm-none-eabi/5.4.1/armv7e-m/softfp/crtend.o
 .comment       0x0000000000000000       0x2c /usr/lib/gcc/arm-none-eabi/5.4.1/armv7e-m/softfp/crtend.o
 .ARM.attributes
                0x0000000000000000       0x32 /usr/lib/gcc/arm-none-eabi/5.4.1/armv7e-m/softfp/crtend.o
 .text          0x0000000000000000        0x0 /usr/lib/gcc/arm-none-eabi/5.4.1/armv7e-m/softfp/crtn.o
 .data          0x0000000000000000        0x0 /usr/lib/gcc/arm-none-eabi/5.4.1/armv7e-m/softfp/crtn.o
 .bss           0x0000000000000000        0x0 /usr/lib/gcc/arm-none-eabi/5.4.1/armv7e-m/softfp/crtn.o

Memory Configuration

Name             Origin             Length             Attributes
FLASH            0x0000000000000000 0x0000000000040000 xr
SRAM             0x0000000020000000 0x0000000000008000 xrw
*default*        0x0000000000000000 0xffffffffffffffff

Linker script and memory map

LOAD /usr/lib/gcc/arm-none-eabi/5.4.1/armv7e-m/softfp/crti.o
LOAD /usr/lib/gcc/arm-none-eabi/5.4.1/armv7e-m/softfp/crtbegin.o
LOAD /usr/lib/gcc/arm-none-eabi/5.4.1/../../../arm-none-eabi/lib/armv7e-m/softfp/crt0.o
LOAD ./src/Button.o
LOAD ./src/Lcd.o
LOAD ./src/main.o
LOAD ./src/startup_gcc.o
LOAD ./SW-EK-LM4F120XL-9453/utils/uartstdio.o
LOAD /home/student/eclipse-workspace/Stellaris_LaunchPad/SW-EK-LM4F120XL-9453/driverlib/gcc/libdriver.a
START GROUP
LOAD /usr/lib/gcc/arm-none-eabi/5.4.1/armv7e-m/softfp/libgcc.a
LOAD /usr/lib/gcc/arm-none-eabi/5.4.1/../../../arm-none-eabi/lib/armv7e-m/softfp/libg.a
LOAD /usr/lib/gcc/arm-none-eabi/5.4.1/../../../arm-none-eabi/lib/armv7e-m/softfp/libc.a
END GROUP
LOAD /usr/lib/gcc/arm-none-eabi/5.4.1/armv7e-m/softfp/crtend.o
LOAD /usr/lib/gcc/arm-none-eabi/5.4.1/armv7e-m/softfp/crtn.o

.text           0x0000000000000000     0x1bd4
                0x0000000000000000                _text = .
 *(.isr_vector)
 .isr_vector    0x0000000000000000      0x26c ./src/startup_gcc.o
                0x0000000000000000                g_pfnVectors
 *(.text*)
 .text.Button1_init
                0x000000000000026c       0x78 ./src/Button.o
                0x000000000000026c                Button1_init
 .text.Button2_init
                0x00000000000002e4       0x78 ./src/Button.o
                0x00000000000002e4                Button2_init
 .text.Button3_init
                0x000000000000035c       0x78 ./src/Button.o
                0x000000000000035c                Button3_init
 .text.Button4_init
                0x00000000000003d4       0x78 ./src/Button.o
                0x00000000000003d4                Button4_init
 .text.Button5_init
                0x000000000000044c       0x78 ./src/Button.o
                0x000000000000044c                Button5_init
 .text.Button6_init
                0x00000000000004c4       0x78 ./src/Button.o
                0x00000000000004c4                Button6_init
 .text.Button7_init
                0x000000000000053c       0x78 ./src/Button.o
                0x000000000000053c                Button7_init
 .text.Button8_init
                0x00000000000005b4       0x78 ./src/Button.o
                0x00000000000005b4                Button8_init
 .text.Button9_init
                0x000000000000062c       0x78 ./src/Button.o
                0x000000000000062c                Button9_init
 .text.Button1Pressed
                0x00000000000006a4       0x1c ./src/Button.o
                0x00000000000006a4                Button1Pressed
 .text.Button2Pressed
                0x00000000000006c0       0x1c ./src/Button.o
                0x00000000000006c0                Button2Pressed
 .text.Button3Pressed
                0x00000000000006dc       0x1c ./src/Button.o
                0x00000000000006dc                Button3Pressed
 .text.Button4Pressed
                0x00000000000006f8       0x1c ./src/Button.o
                0x00000000000006f8                Button4Pressed
 .text.Button5Pressed
                0x0000000000000714       0x1c ./src/Button.o
                0x0000000000000714                Button5Pressed
 .text.Button6Pressed
                0x0000000000000730       0x1c ./src/Button.o
                0x0000000000000730                Button6Pressed
 .text.Lcd_init
                0x000000000000074c      0x108 ./src/Lcd.o
                0x000000000000074c                Lcd_init
 .text.Lcd_Komut
                0x0000000000000854       0x94 ./src/Lcd.o
                0x0000000000000854                Lcd_Komut
 .text.Lcd_Putch
                0x00000000000008e8       0x90 ./src/Lcd.o
                0x00000000000008e8                Lcd_Putch
 .text.Lcd_Goto
                0x0000000000000978       0x6c ./src/Lcd.o
                0x0000000000000978                Lcd_Goto
 .text.Lcd_Temizle
                0x00000000000009e4       0xa0 ./src/Lcd.o
                0x00000000000009e4                Lcd_Temizle
 .text.Lcd_Puts
                0x0000000000000a84       0x30 ./src/Lcd.o
                0x0000000000000a84                Lcd_Puts
 .text.main     0x0000000000000ab4      0xbe8 ./src/main.o
                0x0000000000000ab4                main
 .text.ResetISR
                0x000000000000169c       0x6c ./src/startup_gcc.o
                0x000000000000169c                ResetISR
 .text.NmiSR    0x0000000000001708        0x8 ./src/startup_gcc.o
 .text.FaultISR
                0x0000000000001710        0x8 ./src/startup_gcc.o
 .text.IntDefaultHandler
                0x0000000000001718        0x8 ./src/startup_gcc.o
 .text.GPIODirModeSet
                0x0000000000001720       0x2e /home/student/eclipse-workspace/Stellaris_LaunchPad/SW-EK-LM4F120XL-9453/driverlib/gcc/libdriver.a(gpio.o)
                0x0000000000001720                GPIODirModeSet
 .text.GPIOPadConfigSet
                0x000000000000174e       0xce /home/student/eclipse-workspace/Stellaris_LaunchPad/SW-EK-LM4F120XL-9453/driverlib/gcc/libdriver.a(gpio.o)
                0x000000000000174e                GPIOPadConfigSet
 .text.GPIOPinWrite
                0x000000000000181c        0x6 /home/student/eclipse-workspace/Stellaris_LaunchPad/SW-EK-LM4F120XL-9453/driverlib/gcc/libdriver.a(gpio.o)
                0x000000000000181c                GPIOPinWrite
 .text.GPIOPinTypeGPIOOutput
                0x0000000000001822       0x1c /home/student/eclipse-workspace/Stellaris_LaunchPad/SW-EK-LM4F120XL-9453/driverlib/gcc/libdriver.a(gpio.o)
                0x0000000000001822                GPIOPinTypeGPIOOutput
 *fill*         0x000000000000183e        0x2 
 .text.SysCtlPeripheralEnable
                0x0000000000001840       0x5c /home/student/eclipse-workspace/Stellaris_LaunchPad/SW-EK-LM4F120XL-9453/driverlib/gcc/libdriver.a(sysctl.o)
                0x0000000000001840                SysCtlPeripheralEnable
 .text.SysCtlDelay
                0x000000000000189c        0x6 /home/student/eclipse-workspace/Stellaris_LaunchPad/SW-EK-LM4F120XL-9453/driverlib/gcc/libdriver.a(sysctl.o)
                0x000000000000189c                SysCtlDelay
 *fill*         0x00000000000018a2        0x2 
 .text.SysCtlClockSet
                0x00000000000018a4      0x174 /home/student/eclipse-workspace/Stellaris_LaunchPad/SW-EK-LM4F120XL-9453/driverlib/gcc/libdriver.a(sysctl.o)
                0x00000000000018a4                SysCtlClockSet
 .text          0x0000000000001a18       0x34 /usr/lib/gcc/arm-none-eabi/5.4.1/../../../arm-none-eabi/lib/armv7e-m/softfp/libg.a(lib_a-itoa.o)
                0x0000000000001a18                __itoa
                0x0000000000001a48                itoa
 .text          0x0000000000001a4c       0x84 /usr/lib/gcc/arm-none-eabi/5.4.1/../../../arm-none-eabi/lib/armv7e-m/softfp/libg.a(lib_a-utoa.o)
                0x0000000000001a4c                __utoa
                0x0000000000001acc                utoa
 *(.rodata*)
 .rodata        0x0000000000001ad0       0x11 ./src/Lcd.o
 *fill*         0x0000000000001ae1        0x3 
 .rodata        0x0000000000001ae4       0xa2 ./src/main.o
 *fill*         0x0000000000001b86        0x2 
 .rodata.g_pulRCGCRegs
                0x0000000000001b88        0xc /home/student/eclipse-workspace/Stellaris_LaunchPad/SW-EK-LM4F120XL-9453/driverlib/gcc/libdriver.a(sysctl.o)
 .rodata.str1.4
                0x0000000000001b94       0x28 /usr/lib/gcc/arm-none-eabi/5.4.1/../../../arm-none-eabi/lib/armv7e-m/softfp/libg.a(lib_a-utoa.o)
                                         0x25 (size before relaxing)
 *(.init)
 .init          0x0000000000001bbc        0x4 /usr/lib/gcc/arm-none-eabi/5.4.1/armv7e-m/softfp/crti.o
                0x0000000000001bbc                _init
 .init          0x0000000000001bc0        0x8 /usr/lib/gcc/arm-none-eabi/5.4.1/armv7e-m/softfp/crtn.o
 *(.fini)
 .fini          0x0000000000001bc8        0x4 /usr/lib/gcc/arm-none-eabi/5.4.1/armv7e-m/softfp/crti.o
                0x0000000000001bc8                _fini
 .fini          0x0000000000001bcc        0x8 /usr/lib/gcc/arm-none-eabi/5.4.1/armv7e-m/softfp/crtn.o
                0x0000000000001bd4                _etext = .

.glue_7         0x0000000000001bd4        0x0
 .glue_7        0x0000000000001bd4        0x0 linker stubs

.glue_7t        0x0000000000001bd4        0x0
 .glue_7t       0x0000000000001bd4        0x0 linker stubs

.vfp11_veneer   0x0000000000001bd4        0x0
 .vfp11_veneer  0x0000000000001bd4        0x0 linker stubs

.v4_bx          0x0000000000001bd4        0x0
 .v4_bx         0x0000000000001bd4        0x0 linker stubs

.iplt           0x0000000000001bd4        0x0
 .iplt          0x0000000000001bd4        0x0 /usr/lib/gcc/arm-none-eabi/5.4.1/armv7e-m/softfp/crtbegin.o

.rel.dyn        0x0000000000001bd4        0x0
 .rel.iplt      0x0000000000001bd4        0x0 /usr/lib/gcc/arm-none-eabi/5.4.1/armv7e-m/softfp/crtbegin.o

.data           0x0000000020000000       0x48 load address 0x0000000000001bd4
                0x0000000020000000                _data = .
 *(vtable)
 *(.data*)
 .data.Urunler  0x0000000020000000       0x48 ./src/main.o
                0x0000000020000000                Urunler
                0x0000000020000048                _edata = .

.igot.plt       0x0000000020000048        0x0 load address 0x0000000000001c1c
 .igot.plt      0x0000000020000048        0x0 /usr/lib/gcc/arm-none-eabi/5.4.1/armv7e-m/softfp/crtbegin.o

.bss            0x0000000020000048      0x204 load address 0x0000000000001c1c
                0x0000000020000048                _bss = .
 *(.bss*)
 .bss.pulStack  0x0000000020000048      0x200 ./src/startup_gcc.o
 *(COMMON)
 COMMON         0x0000000020000248        0x4 ./src/Lcd.o
                0x0000000020000248                delay1
                0x000000002000024c                _ebss = .
OUTPUT(Stellaris_LaunchPad.elf elf32-littlearm)

.ARM.attributes
                0x0000000000000000       0x2e
 .ARM.attributes
                0x0000000000000000       0x22 /usr/lib/gcc/arm-none-eabi/5.4.1/armv7e-m/softfp/crti.o
 .ARM.attributes
                0x0000000000000022       0x37 ./src/Button.o
 .ARM.attributes
                0x0000000000000059       0x37 ./src/Lcd.o
 .ARM.attributes
                0x0000000000000090       0x37 ./src/main.o
 .ARM.attributes
                0x00000000000000c7       0x37 ./src/startup_gcc.o
 .ARM.attributes
                0x00000000000000fe       0x37 /home/student/eclipse-workspace/Stellaris_LaunchPad/SW-EK-LM4F120XL-9453/driverlib/gcc/libdriver.a(gpio.o)
 .ARM.attributes
                0x0000000000000135       0x37 /home/student/eclipse-workspace/Stellaris_LaunchPad/SW-EK-LM4F120XL-9453/driverlib/gcc/libdriver.a(sysctl.o)
 .ARM.attributes
                0x000000000000016c       0x32 /usr/lib/gcc/arm-none-eabi/5.4.1/../../../arm-none-eabi/lib/armv7e-m/softfp/libg.a(lib_a-itoa.o)
 .ARM.attributes
                0x000000000000019e       0x32 /usr/lib/gcc/arm-none-eabi/5.4.1/../../../arm-none-eabi/lib/armv7e-m/softfp/libg.a(lib_a-utoa.o)
 .ARM.attributes
                0x00000000000001d0       0x22 /usr/lib/gcc/arm-none-eabi/5.4.1/armv7e-m/softfp/crtn.o

.comment        0x0000000000000000       0x56
 .comment       0x0000000000000000       0x2b ./src/Button.o
                                         0x2c (size before relaxing)
 .comment       0x000000000000002b       0x2c ./src/Lcd.o
 .comment       0x000000000000002b       0x2c ./src/main.o
 .comment       0x000000000000002b       0x2c ./src/startup_gcc.o
 .comment       0x000000000000002b       0x2b /home/student/eclipse-workspace/Stellaris_LaunchPad/SW-EK-LM4F120XL-9453/driverlib/gcc/libdriver.a(gpio.o)
                                         0x2c (size before relaxing)
 .comment       0x0000000000000056       0x2c /home/student/eclipse-workspace/Stellaris_LaunchPad/SW-EK-LM4F120XL-9453/driverlib/gcc/libdriver.a(sysctl.o)
 .comment       0x0000000000000056       0x2c /usr/lib/gcc/arm-none-eabi/5.4.1/../../../arm-none-eabi/lib/armv7e-m/softfp/libg.a(lib_a-itoa.o)
 .comment       0x0000000000000056       0x2c /usr/lib/gcc/arm-none-eabi/5.4.1/../../../arm-none-eabi/lib/armv7e-m/softfp/libg.a(lib_a-utoa.o)

.debug_info     0x0000000000000000      0xa98
 .debug_info    0x0000000000000000      0x23e ./src/Button.o
 .debug_info    0x000000000000023e      0x111 ./src/Lcd.o
 .debug_info    0x000000000000034f      0x336 ./src/main.o
 .debug_info    0x0000000000000685      0x121 ./src/startup_gcc.o
 .debug_info    0x00000000000007a6      0x164 /usr/lib/gcc/arm-none-eabi/5.4.1/../../../arm-none-eabi/lib/armv7e-m/softfp/libg.a(lib_a-itoa.o)
 .debug_info    0x000000000000090a      0x18e /usr/lib/gcc/arm-none-eabi/5.4.1/../../../arm-none-eabi/lib/armv7e-m/softfp/libg.a(lib_a-utoa.o)

.debug_abbrev   0x0000000000000000      0x421
 .debug_abbrev  0x0000000000000000       0x6c ./src/Button.o
 .debug_abbrev  0x000000000000006c       0x84 ./src/Lcd.o
 .debug_abbrev  0x00000000000000f0       0xdd ./src/main.o
 .debug_abbrev  0x00000000000001cd       0xac ./src/startup_gcc.o
 .debug_abbrev  0x0000000000000279       0xc1 /usr/lib/gcc/arm-none-eabi/5.4.1/../../../arm-none-eabi/lib/armv7e-m/softfp/libg.a(lib_a-itoa.o)
 .debug_abbrev  0x000000000000033a       0xe7 /usr/lib/gcc/arm-none-eabi/5.4.1/../../../arm-none-eabi/lib/armv7e-m/softfp/libg.a(lib_a-utoa.o)

.debug_aranges  0x0000000000000000      0x188
 .debug_aranges
                0x0000000000000000       0xa8 ./src/Button.o
 .debug_aranges
                0x00000000000000a8       0x48 ./src/Lcd.o
 .debug_aranges
                0x00000000000000f0       0x20 ./src/main.o
 .debug_aranges
                0x0000000000000110       0x38 ./src/startup_gcc.o
 .debug_aranges
                0x0000000000000148       0x20 /usr/lib/gcc/arm-none-eabi/5.4.1/../../../arm-none-eabi/lib/armv7e-m/softfp/libg.a(lib_a-itoa.o)
 .debug_aranges
                0x0000000000000168       0x20 /usr/lib/gcc/arm-none-eabi/5.4.1/../../../arm-none-eabi/lib/armv7e-m/softfp/libg.a(lib_a-utoa.o)

.debug_ranges   0x0000000000000000      0x108
 .debug_ranges  0x0000000000000000       0x98 ./src/Button.o
 .debug_ranges  0x0000000000000098       0x38 ./src/Lcd.o
 .debug_ranges  0x00000000000000d0       0x10 ./src/main.o
 .debug_ranges  0x00000000000000e0       0x28 ./src/startup_gcc.o

.debug_macro    0x0000000000000000     0xda40
 .debug_macro   0x0000000000000000       0x5a ./src/Button.o
 .debug_macro   0x000000000000005a      0x880 ./src/Button.o
 .debug_macro   0x00000000000008da      0x371 ./src/Button.o
 .debug_macro   0x0000000000000c4b       0xca ./src/Button.o
 .debug_macro   0x0000000000000d15      0x278 ./src/Button.o
 .debug_macro   0x0000000000000f8d      0xb82 ./src/Button.o
 .debug_macro   0x0000000000001b0f       0xb2 ./src/Button.o
 .debug_macro   0x0000000000001bc1      0x38a ./src/Button.o
 .debug_macro   0x0000000000001f4b       0x40 ./src/Button.o
 .debug_macro   0x0000000000001f8b     0x8fd8 ./src/Button.o
 .debug_macro   0x000000000000af63       0x51 ./src/Lcd.o
 .debug_macro   0x000000000000afb4       0x3a ./src/Lcd.o
 .debug_macro   0x000000000000afee      0x224 ./src/main.o
 .debug_macro   0x000000000000b212       0x22 ./src/main.o
 .debug_macro   0x000000000000b234       0x22 ./src/main.o
 .debug_macro   0x000000000000b256       0x4c ./src/main.o
 .debug_macro   0x000000000000b2a2       0x8d ./src/main.o
 .debug_macro   0x000000000000b32f       0x35 ./src/main.o
 .debug_macro   0x000000000000b364       0x9c ./src/main.o
 .debug_macro   0x000000000000b400       0x4a ./src/main.o
 .debug_macro   0x000000000000b44a      0x174 ./src/main.o
 .debug_macro   0x000000000000b5be      0x30d ./src/main.o
 .debug_macro   0x000000000000b8cb       0x52 ./src/main.o
 .debug_macro   0x000000000000b91d       0x1f ./src/main.o
 .debug_macro   0x000000000000b93c       0x43 ./src/main.o
 .debug_macro   0x000000000000b97f       0x20 ./src/main.o
 .debug_macro   0x000000000000b99f       0x3a ./src/main.o
 .debug_macro   0x000000000000b9d9       0x10 ./src/main.o
 .debug_macro   0x000000000000b9e9       0x5e ./src/main.o
 .debug_macro   0x000000000000ba47       0x1c ./src/main.o
 .debug_macro   0x000000000000ba63       0x52 ./src/main.o
 .debug_macro   0x000000000000bab5       0x10 ./src/main.o
 .debug_macro   0x000000000000bac5       0x40 ./src/main.o
 .debug_macro   0x000000000000bb05       0xd7 ./src/main.o
 .debug_macro   0x000000000000bbdc       0x82 ./src/main.o
 .debug_macro   0x000000000000bc5e      0x187 ./src/main.o
 .debug_macro   0x000000000000bde5       0x10 ./src/main.o
 .debug_macro   0x000000000000bdf5       0x35 ./src/main.o
 .debug_macro   0x000000000000be2a       0x10 ./src/main.o
 .debug_macro   0x000000000000be3a       0x41 ./src/main.o
 .debug_macro   0x000000000000be7b       0x16 ./src/main.o
 .debug_macro   0x000000000000be91       0x16 ./src/main.o
 .debug_macro   0x000000000000bea7       0x29 ./src/main.o
 .debug_macro   0x000000000000bed0       0x16 ./src/main.o
 .debug_macro   0x000000000000bee6       0x23 ./src/startup_gcc.o
 .debug_macro   0x000000000000bf09     0x1b37 ./src/startup_gcc.o

.debug_line     0x0000000000000000      0xe53
 .debug_line    0x0000000000000000      0x2a4 ./src/Button.o
 .debug_line    0x00000000000002a4      0x1fd ./src/Lcd.o
 .debug_line    0x00000000000004a1      0x6f3 ./src/main.o
 .debug_line    0x0000000000000b94       0xfb ./src/startup_gcc.o
 .debug_line    0x0000000000000c8f       0xc6 /usr/lib/gcc/arm-none-eabi/5.4.1/../../../arm-none-eabi/lib/armv7e-m/softfp/libg.a(lib_a-itoa.o)
 .debug_line    0x0000000000000d55       0xfe /usr/lib/gcc/arm-none-eabi/5.4.1/../../../arm-none-eabi/lib/armv7e-m/softfp/libg.a(lib_a-utoa.o)

.debug_str      0x0000000000000000    0x3d47c
 .debug_str     0x0000000000000000    0x37c40 ./src/Button.o
                                      0x37c60 (size before relaxing)
 .debug_str     0x0000000000037c40       0xe8 ./src/Lcd.o
                                       0x83fe (size before relaxing)
 .debug_str     0x0000000000037d28     0x3c02 ./src/main.o
                                      0x3b9bf (size before relaxing)
 .debug_str     0x000000000003b92a     0x19c2 ./src/startup_gcc.o
                                       0x9dba (size before relaxing)
 .debug_str     0x000000000003d2ec      0x150 /usr/lib/gcc/arm-none-eabi/5.4.1/../../../arm-none-eabi/lib/armv7e-m/softfp/libg.a(lib_a-itoa.o)
                                        0x1f9 (size before relaxing)
 .debug_str     0x000000000003d43c       0x40 /usr/lib/gcc/arm-none-eabi/5.4.1/../../../arm-none-eabi/lib/armv7e-m/softfp/libg.a(lib_a-utoa.o)
                                        0x1fc (size before relaxing)

.debug_frame    0x0000000000000000      0x4ac
 .debug_frame   0x0000000000000000      0x298 ./src/Button.o
 .debug_frame   0x0000000000000298       0xd8 ./src/Lcd.o
 .debug_frame   0x0000000000000370       0x38 ./src/main.o
 .debug_frame   0x00000000000003a8       0x7c ./src/startup_gcc.o
 .debug_frame   0x0000000000000424       0x3c /usr/lib/gcc/arm-none-eabi/5.4.1/../../../arm-none-eabi/lib/armv7e-m/softfp/libg.a(lib_a-itoa.o)
 .debug_frame   0x0000000000000460       0x4c /usr/lib/gcc/arm-none-eabi/5.4.1/../../../arm-none-eabi/lib/armv7e-m/softfp/libg.a(lib_a-utoa.o)

.debug_loc      0x0000000000000000      0x315
 .debug_loc     0x0000000000000000      0x161 /usr/lib/gcc/arm-none-eabi/5.4.1/../../../arm-none-eabi/lib/armv7e-m/softfp/libg.a(lib_a-itoa.o)
 .debug_loc     0x0000000000000161      0x1b4 /usr/lib/gcc/arm-none-eabi/5.4.1/../../../arm-none-eabi/lib/armv7e-m/softfp/libg.a(lib_a-utoa.o)
